81.32.70.200 - - [07/Nov/2019:17:40:35 +0000] "GET /javier/login HTTP/1.1" 200 1518 "-" "Mozilla/5.0 (Windows NT 10.0; Win64; x64; rv:70.0) Gecko/20100101 Firefox/70.0"
81.32.70.200 - - [07/Nov/2019:17:40:36 +0000] "GET /nico/login HTTP/1.1" 200 1505 "-" "Mozilla/5.0 (Windows NT 10.0; Win64; x64; rv:70.0) Gecko/20100101 Firefox/70.0"
81.32.70.200 - - [07/Nov/2019:17:40:40 +0000] "GET /javier/login HTTP/1.1" 200 1518 "-" "Mozilla/5.0 (Windows NT 10.0; Win64; x64; rv:70.0) Gecko/20100101 Firefox/70.0"
81.36.13.162 - - [07/Nov/2019:17:40:45 +0000] "GET /lara/login HTTP/1.1" 200 4758 "-" "Mozilla/5.0 (Windows NT 10.0; Win64; x64) AppleWebKit/537.36 (KHTML, like Gecko) Chrome/78.0.3904.87 Safari/537.36"
81.32.70.200 - - [07/Nov/2019:17:41:21 +0000] "GET /lara/login HTTP/1.1" 200 1658 "-" "Mozilla/5.0 (Windows NT 10.0; Win64; x64; rv:70.0) Gecko/20100101 Firefox/70.0"
81.32.70.200 - - [07/Nov/2019:17:41:21 +0000] "GET /favicon.ico HTTP/1.1" 404 424 "-" "Mozilla/5.0 (Windows NT 10.0; Win64; x64; rv:70.0) Gecko/20100101 Firefox/70.0"
81.32.70.200 - - [07/Nov/2019:17:41:25 +0000] "GET /lorenzo/ HTTP/1.1" 500 21476 "-" "Mozilla/5.0 (Windows NT 10.0; Win64; x64; rv:70.0) Gecko/20100101 Firefox/70.0"
81.32.70.200 - - [07/Nov/2019:17:41:27 +0000] "GET /lorenzo/ HTTP/1.1" 500 21624 "-" "Mozilla/5.0 (Windows NT 10.0; Win64; x64; rv:70.0) Gecko/20100101 Firefox/70.0"
81.32.70.200 - - [07/Nov/2019:17:41:27 +0000] "GET /lorenzo/?__debugger__=yes&cmd=resource&f=style.css HTTP/1.1" 200 2426 "https://pythonavanzado.techtalents.cloud/lorenzo/" "Mozilla/5.0 (Windows NT 10.0; Win64; x64; rv:70.0) Gecko/20100101 Firefox/70.0"
81.32.70.200 - - [07/Nov/2019:17:41:27 +0000] "GET /lorenzo/?__debugger__=yes&cmd=resource&f=jquery.js HTTP/1.1" 200 31357 "https://pythonavanzado.techtalents.cloud/lorenzo/" "Mozilla/5.0 (Windows NT 10.0; Win64; x64; rv:70.0) Gecko/20100101 Firefox/70.0"
81.32.70.200 - - [07/Nov/2019:17:41:27 +0000] "GET /lorenzo/?__debugger__=yes&cmd=resource&f=debugger.js HTTP/1.1" 200 2846 "https://pythonavanzado.techtalents.cloud/lorenzo/" "Mozilla/5.0 (Windows NT 10.0; Win64; x64; rv:70.0) Gecko/20100101 Firefox/70.0"
81.32.70.200 - - [07/Nov/2019:17:41:27 +0000] "GET /lorenzo/?__debugger__=yes&cmd=resource&f=ubuntu.ttf HTTP/1.1" 200 70839 "https://pythonavanzado.techtalents.cloud/lorenzo/?__debugger__=yes&cmd=resource&f=style.css" "Mozilla/5.0 (Windows NT 10.0; Win64; x64; rv:70.0) Gecko/20100101 Firefox/70.0"
81.32.70.200 - - [07/Nov/2019:17:41:27 +0000] "GET /lorenzo/?__debugger__=yes&cmd=resource&f=console.png HTTP/1.1" 200 776 "https://pythonavanzado.techtalents.cloud/lorenzo/" "Mozilla/5.0 (Windows NT 10.0; Win64; x64; rv:70.0) Gecko/20100101 Firefox/70.0"
81.36.13.162 - - [07/Nov/2019:17:41:40 +0000] "GET /lara/login HTTP/1.1" 200 1659 "-" "Mozilla/5.0 (Windows NT 10.0; Win64; x64) AppleWebKit/537.36 (KHTML, like Gecko) Chrome/78.0.3904.87 Safari/537.36"
81.32.70.200 - - [07/Nov/2019:17:41:40 +0000] "GET /lorenzo/ HTTP/1.1" 200 1607 "-" "Mozilla/5.0 (Windows NT 10.0; Win64; x64; rv:70.0) Gecko/20100101 Firefox/70.0"
81.32.70.200 - - [07/Nov/2019:17:41:41 +0000] "GET /favicon.ico HTTP/1.1" 404 424 "-" "Mozilla/5.0 (Windows NT 10.0; Win64; x64; rv:70.0) Gecko/20100101 Firefox/70.0"
81.32.70.200 - - [07/Nov/2019:17:41:46 +0000] "GET /javier/login HTTP/1.1" 200 1667 "-" "Mozilla/5.0 (Windows NT 10.0; Win64; x64; rv:70.0) Gecko/20100101 Firefox/70.0"
81.32.70.200 - - [07/Nov/2019:17:41:46 +0000] "GET /favicon.ico HTTP/1.1" 404 424 "-" "Mozilla/5.0 (Windows NT 10.0; Win64; x64; rv:70.0) Gecko/20100101 Firefox/70.0"
81.36.13.162 - - [07/Nov/2019:17:41:55 +0000] "GET /javier/ HTTP/1.1" 200 619 "-" "Mozilla/5.0 (Windows NT 10.0; Win64; x64) AppleWebKit/537.36 (KHTML, like Gecko) Chrome/78.0.3904.97 Safari/537.36"
81.32.70.200 - - [07/Nov/2019:17:41:58 +0000] "GET /lara/login HTTP/1.1" 200 1659 "-" "Mozilla/5.0 (Windows NT 10.0; Win64; x64; rv:70.0) Gecko/20100101 Firefox/70.0"
81.32.70.200 - - [07/Nov/2019:17:41:58 +0000] "GET /favicon.ico HTTP/1.1" 404 424 "-" "Mozilla/5.0 (Windows NT 10.0; Win64; x64; rv:70.0) Gecko/20100101 Firefox/70.0"
81.32.70.200 - - [07/Nov/2019:17:42:01 +0000] "GET /lorenzo/ HTTP/1.1" 200 1656 "-" "Mozilla/5.0 (Windows NT 10.0; Win64; x64; rv:70.0) Gecko/20100101 Firefox/70.0"
81.32.70.200 - - [07/Nov/2019:17:42:01 +0000] "GET /favicon.ico HTTP/1.1" 404 424 "-" "Mozilla/5.0 (Windows NT 10.0; Win64; x64; rv:70.0) Gecko/20100101 Firefox/70.0"
81.36.13.162 - - [07/Nov/2019:17:42:16 +0000] "GET /halloween/data HTTP/1.1" 304 3492 "-" "Mozilla/5.0 (Windows NT 10.0; Win64; x64) AppleWebKit/537.36 (KHTML, like Gecko) Chrome/78.0.3904.87 Safari/537.36"
81.36.13.162 - - [07/Nov/2019:17:42:19 +0000] "GET /favicon.ico HTTP/1.1" 404 424 "https://pythonavanzado.techtalents.cloud/halloween/data" "Mozilla/5.0 (Windows NT 10.0; Win64; x64) AppleWebKit/537.36 (KHTML, like Gecko) Chrome/78.0.3904.87 Safari/537.36"
81.36.13.162 - - [07/Nov/2019:17:42:23 +0000] "GET /lorenzo HTTP/1.1" 301 554 "-" "Mozilla/5.0 (Windows NT 10.0; Win64; x64) AppleWebKit/537.36 (KHTML, like Gecko) Chrome/78.0.3904.87 Safari/537.36"
81.36.13.162 - - [07/Nov/2019:17:42:23 +0000] "GET /lorenzo/ HTTP/1.1" 200 1507 "-" "Mozilla/5.0 (Windows NT 10.0; Win64; x64) AppleWebKit/537.36 (KHTML, like Gecko) Chrome/78.0.3904.87 Safari/537.36"
81.32.70.200 - - [07/Nov/2019:17:43:27 +0000] "GET /nico/login HTTP/1.1" 200 1653 "-" "Mozilla/5.0 (Windows NT 10.0; Win64; x64; rv:70.0) Gecko/20100101 Firefox/70.0"
81.32.70.200 - - [07/Nov/2019:17:43:28 +0000] "GET /favicon.ico HTTP/1.1" 404 424 "-" "Mozilla/5.0 (Windows NT 10.0; Win64; x64; rv:70.0) Gecko/20100101 Firefox/70.0"
81.32.70.200 - - [07/Nov/2019:17:44:14 +0000] "GET /nico/login HTTP/1.1" 200 1658 "-" "Mozilla/5.0 (Windows NT 10.0; Win64; x64; rv:70.0) Gecko/20100101 Firefox/70.0"
81.32.70.200 - - [07/Nov/2019:17:44:14 +0000] "GET /favicon.ico HTTP/1.1" 404 424 "-" "Mozilla/5.0 (Windows NT 10.0; Win64; x64; rv:70.0) Gecko/20100101 Firefox/70.0"
81.36.13.162 - - [07/Nov/2019:17:44:37 +0000] "GET /lorenzo/ HTTP/1.1" 200 1656 "-" "Mozilla/5.0 (Windows NT 10.0; Win64; x64) AppleWebKit/537.36 (KHTML, like Gecko) Chrome/78.0.3904.87 Safari/537.36"
81.36.13.162 - - [07/Nov/2019:17:45:16 +0000] "GET /javier/login HTTP/1.1" 200 1666 "-" "Mozilla/5.0 (Windows NT 10.0; Win64; x64) AppleWebKit/537.36 (KHTML, like Gecko) Chrome/78.0.3904.97 Safari/537.36"
81.32.70.200 - - [07/Nov/2019:17:45:18 +0000] "GET /nico/login HTTP/1.1" 200 1654 "-" "Mozilla/5.0 (Windows NT 10.0; Win64; x64; rv:70.0) Gecko/20100101 Firefox/70.0"
81.32.70.200 - - [07/Nov/2019:17:45:18 +0000] "GET /favicon.ico HTTP/1.1" 404 424 "-" "Mozilla/5.0 (Windows NT 10.0; Win64; x64; rv:70.0) Gecko/20100101 Firefox/70.0"
81.32.70.200 - - [07/Nov/2019:17:45:19 +0000] "GET /javier/login HTTP/1.1" 200 1666 "-" "Mozilla/5.0 (Windows NT 10.0; Win64; x64; rv:70.0) Gecko/20100101 Firefox/70.0"
81.32.70.200 - - [07/Nov/2019:17:45:19 +0000] "GET /favicon.ico HTTP/1.1" 404 424 "-" "Mozilla/5.0 (Windows NT 10.0; Win64; x64; rv:70.0) Gecko/20100101 Firefox/70.0"
81.32.70.200 - - [07/Nov/2019:17:45:20 +0000] "GET /lara/login HTTP/1.1" 200 1659 "-" "Mozilla/5.0 (Windows NT 10.0; Win64; x64; rv:70.0) Gecko/20100101 Firefox/70.0"
81.32.70.200 - - [07/Nov/2019:17:45:21 +0000] "GET /favicon.ico HTTP/1.1" 404 424 "-" "Mozilla/5.0 (Windows NT 10.0; Win64; x64; rv:70.0) Gecko/20100101 Firefox/70.0"
81.36.13.162 - - [07/Nov/2019:17:45:29 +0000] "GET /lara/login HTTP/1.1" 200 1658 "-" "Mozilla/5.0 (Windows NT 10.0; Win64; x64) AppleWebKit/537.36 (KHTML, like Gecko) Chrome/78.0.3904.87 Safari/537.36"
81.36.13.162 - - [07/Nov/2019:17:45:30 +0000] "GET /lara/login HTTP/1.1" 200 1509 "-" "Mozilla/5.0 (Windows NT 10.0; Win64; x64) AppleWebKit/537.36 (KHTML, like Gecko) Chrome/78.0.3904.87 Safari/537.36"
81.36.13.162 - - [07/Nov/2019:17:45:31 +0000] "GET /lara/login HTTP/1.1" 200 1509 "-" "Mozilla/5.0 (Windows NT 10.0; Win64; x64) AppleWebKit/537.36 (KHTML, like Gecko) Chrome/78.0.3904.87 Safari/537.36"
81.36.13.162 - - [07/Nov/2019:17:45:31 +0000] "GET /lara/login HTTP/1.1" 200 1509 "-" "Mozilla/5.0 (Windows NT 10.0; Win64; x64) AppleWebKit/537.36 (KHTML, like Gecko) Chrome/78.0.3904.87 Safari/537.36"
81.36.13.162 - - [07/Nov/2019:17:45:31 +0000] "GET /lara/login HTTP/1.1" 200 1509 "-" "Mozilla/5.0 (Windows NT 10.0; Win64; x64) AppleWebKit/537.36 (KHTML, like Gecko) Chrome/78.0.3904.87 Safari/537.36"
81.36.13.162 - - [07/Nov/2019:17:45:31 +0000] "GET /lara/login HTTP/1.1" 200 1509 "-" "Mozilla/5.0 (Windows NT 10.0; Win64; x64) AppleWebKit/537.36 (KHTML, like Gecko) Chrome/78.0.3904.87 Safari/537.36"
81.32.70.200 - - [07/Nov/2019:17:45:34 +0000] "GET /lara/login HTTP/1.1" 200 4807 "-" "Mozilla/5.0 (Windows NT 10.0; Win64; x64; rv:70.0) Gecko/20100101 Firefox/70.0"
81.32.70.200 - - [07/Nov/2019:17:45:34 +0000] "GET /favicon.ico HTTP/1.1" 404 424 "-" "Mozilla/5.0 (Windows NT 10.0; Win64; x64; rv:70.0) Gecko/20100101 Firefox/70.0"
81.32.70.200 - - [07/Nov/2019:17:45:35 +0000] "GET /lorenzo/ HTTP/1.1" 200 1656 "-" "Mozilla/5.0 (Windows NT 10.0; Win64; x64; rv:70.0) Gecko/20100101 Firefox/70.0"
81.32.70.200 - - [07/Nov/2019:17:45:36 +0000] "GET /favicon.ico HTTP/1.1" 404 424 "-" "Mozilla/5.0 (Windows NT 10.0; Win64; x64; rv:70.0) Gecko/20100101 Firefox/70.0"
81.32.70.200 - - [07/Nov/2019:17:45:42 +0000] "GET /nico/login HTTP/1.1" 200 1654 "-" "Mozilla/5.0 (Windows NT 10.0; Win64; x64; rv:70.0) Gecko/20100101 Firefox/70.0"
81.32.70.200 - - [07/Nov/2019:17:45:42 +0000] "GET /favicon.ico HTTP/1.1" 404 424 "-" "Mozilla/5.0 (Windows NT 10.0; Win64; x64; rv:70.0) Gecko/20100101 Firefox/70.0"
81.36.13.162 - - [07/Nov/2019:17:46:48 +0000] "GET /lara/login HTTP/1.1" 200 4758 "-" "Mozilla/5.0 (Windows NT 10.0; Win64; x64) AppleWebKit/537.36 (KHTML, like Gecko) Chrome/78.0.3904.87 Safari/537.36"
81.36.13.162 - - [07/Nov/2019:17:46:50 +0000] "GET /lara/login HTTP/1.1" 200 1509 "-" "Mozilla/5.0 (Windows NT 10.0; Win64; x64) AppleWebKit/537.36 (KHTML, like Gecko) Chrome/78.0.3904.87 Safari/537.36"
81.36.13.162 - - [07/Nov/2019:17:46:50 +0000] "GET /javier/login HTTP/1.1" 200 4814 "-" "Mozilla/5.0 (Windows NT 10.0; Win64; x64) AppleWebKit/537.36 (KHTML, like Gecko) Chrome/78.0.3904.97 Safari/537.36"
81.36.13.162 - - [07/Nov/2019:17:46:51 +0000] "GET /lara/login HTTP/1.1" 200 1509 "-" "Mozilla/5.0 (Windows NT 10.0; Win64; x64) AppleWebKit/537.36 (KHTML, like Gecko) Chrome/78.0.3904.87 Safari/537.36"
81.36.13.162 - - [07/Nov/2019:17:46:52 +0000] "GET /lara/login HTTP/1.1" 200 1509 "-" "Mozilla/5.0 (Windows NT 10.0; Win64; x64) AppleWebKit/537.36 (KHTML, like Gecko) Chrome/78.0.3904.87 Safari/537.36"
81.32.70.200 - - [07/Nov/2019:17:47:33 +0000] "GET /nico/login HTTP/1.1" 503 649 "-" "Mozilla/5.0 (Windows NT 10.0; Win64; x64; rv:70.0) Gecko/20100101 Firefox/70.0"
81.32.70.200 - - [07/Nov/2019:17:47:33 +0000] "GET /favicon.ico HTTP/1.1" 404 573 "-" "Mozilla/5.0 (Windows NT 10.0; Win64; x64; rv:70.0) Gecko/20100101 Firefox/70.0"
81.32.70.200 - - [07/Nov/2019:17:48:08 +0000] "GET /nico/login HTTP/1.1" 200 1654 "-" "Mozilla/5.0 (Windows NT 10.0; Win64; x64; rv:70.0) Gecko/20100101 Firefox/70.0"
81.32.70.200 - - [07/Nov/2019:17:48:08 +0000] "GET /favicon.ico HTTP/1.1" 404 424 "-" "Mozilla/5.0 (Windows NT 10.0; Win64; x64; rv:70.0) Gecko/20100101 Firefox/70.0"
81.32.70.200 - - [07/Nov/2019:17:49:36 +0000] "GET /nico/login HTTP/1.1" 200 1636 "-" "Mozilla/5.0 (Windows NT 10.0; Win64; x64; rv:70.0) Gecko/20100101 Firefox/70.0"
81.32.70.200 - - [07/Nov/2019:17:49:36 +0000] "GET /favicon.ico HTTP/1.1" 404 424 "-" "Mozilla/5.0 (Windows NT 10.0; Win64; x64; rv:70.0) Gecko/20100101 Firefox/70.0"
81.32.70.200 - - [07/Nov/2019:17:49:38 +0000] "GET /?username=hi&password=hi HTTP/1.1" 403 427 "https://pythonavanzado.techtalents.cloud/nico/login" "Mozilla/5.0 (Windows NT 10.0; Win64; x64; rv:70.0) Gecko/20100101 Firefox/70.0"
81.32.70.200 - - [07/Nov/2019:17:49:50 +0000] "GET /nico/login HTTP/1.1" 200 1636 "-" "Mozilla/5.0 (Windows NT 10.0; Win64; x64; rv:70.0) Gecko/20100101 Firefox/70.0"
81.32.70.200 - - [07/Nov/2019:17:49:51 +0000] "GET /favicon.ico HTTP/1.1" 404 424 "-" "Mozilla/5.0 (Windows NT 10.0; Win64; x64; rv:70.0) Gecko/20100101 Firefox/70.0"
81.36.13.162 - - [07/Nov/2019:17:49:51 +0000] "GET /javier/login HTTP/1.1" 200 1616 "-" "Mozilla/5.0 (Windows NT 10.0; Win64; x64) AppleWebKit/537.36 (KHTML, like Gecko) Chrome/78.0.3904.97 Safari/537.36"
81.32.70.200 - - [07/Nov/2019:17:49:54 +0000] "GET /?username=hi&password= HTTP/1.1" 403 427 "https://pythonavanzado.techtalents.cloud/nico/login" "Mozilla/5.0 (Windows NT 10.0; Win64; x64; rv:70.0) Gecko/20100101 Firefox/70.0"
81.36.13.162 - - [07/Nov/2019:17:49:56 +0000] "GET /lorenzo/ HTTP/1.1" 200 4787 "-" "Mozilla/5.0 (Windows NT 10.0; Win64; x64) AppleWebKit/537.36 (KHTML, like Gecko) Chrome/78.0.3904.87 Safari/537.36"
81.36.13.162 - - [07/Nov/2019:17:50:00 +0000] "GET /?username=lorenzo&password=campos HTTP/1.1" 403 427 "https://pythonavanzado.techtalents.cloud/lorenzo/" "Mozilla/5.0 (Windows NT 10.0; Win64; x64) AppleWebKit/537.36 (KHTML, like Gecko) Chrome/78.0.3904.87 Safari/537.36"
81.36.13.162 - - [07/Nov/2019:17:50:06 +0000] "GET /?username=lorenzo&password=campos HTTP/1.1" 403 576 "https://pythonavanzado.techtalents.cloud/lorenzo/" "Mozilla/5.0 (Windows NT 10.0; Win64; x64) AppleWebKit/537.36 (KHTML, like Gecko) Chrome/78.0.3904.87 Safari/537.36"
81.36.13.162 - - [07/Nov/2019:17:50:10 +0000] "GET /?username=lorenzo&password=campos HTTP/1.1" 403 427 "https://pythonavanzado.techtalents.cloud/lorenzo/" "Mozilla/5.0 (Windows NT 10.0; Win64; x64) AppleWebKit/537.36 (KHTML, like Gecko) Chrome/78.0.3904.87 Safari/537.36"
81.32.70.200 - - [07/Nov/2019:17:50:10 +0000] "GET /nico/login HTTP/1.1" 200 1639 "-" "Mozilla/5.0 (Windows NT 10.0; Win64; x64; rv:70.0) Gecko/20100101 Firefox/70.0"
81.32.70.200 - - [07/Nov/2019:17:50:11 +0000] "GET /favicon.ico HTTP/1.1" 404 424 "-" "Mozilla/5.0 (Windows NT 10.0; Win64; x64; rv:70.0) Gecko/20100101 Firefox/70.0"
81.32.70.200 - - [07/Nov/2019:17:50:13 +0000] "GET /nico?username=hi&password= HTTP/1.1" 301 596 "https://pythonavanzado.techtalents.cloud/nico/login" "Mozilla/5.0 (Windows NT 10.0; Win64; x64; rv:70.0) Gecko/20100101 Firefox/70.0"
81.32.70.200 - - [07/Nov/2019:17:50:13 +0000] "GET /nico/?username=hi&password= HTTP/1.1" 200 413 "https://pythonavanzado.techtalents.cloud/nico/login" "Mozilla/5.0 (Windows NT 10.0; Win64; x64; rv:70.0) Gecko/20100101 Firefox/70.0"
81.36.13.162 - - [07/Nov/2019:17:50:18 +0000] "GET /?username=lorenzo&password=campos HTTP/1.1" 403 576 "https://pythonavanzado.techtalents.cloud/lorenzo/" "Mozilla/5.0 (Windows NT 10.0; Win64; x64) AppleWebKit/537.36 (KHTML, like Gecko) Chrome/78.0.3904.87 Safari/537.36"
81.36.13.162 - - [07/Nov/2019:17:50:35 +0000] "GET /javier/login HTTP/1.1" 200 1665 "-" "Mozilla/5.0 (Windows NT 10.0; Win64; x64) AppleWebKit/537.36 (KHTML, like Gecko) Chrome/78.0.3904.97 Safari/537.36"
81.32.70.200 - - [07/Nov/2019:17:50:45 +0000] "GET /nico?username=hi&password= HTTP/1.1" 301 3894 "https://pythonavanzado.techtalents.cloud/nico/login" "Mozilla/5.0 (Windows NT 10.0; Win64; x64; rv:70.0) Gecko/20100101 Firefox/70.0"
81.32.70.200 - - [07/Nov/2019:17:50:45 +0000] "GET /nico/?username=hi&password= HTTP/1.1" 200 413 "https://pythonavanzado.techtalents.cloud/nico/login" "Mozilla/5.0 (Windows NT 10.0; Win64; x64; rv:70.0) Gecko/20100101 Firefox/70.0"
81.36.13.162 - - [07/Nov/2019:17:50:47 +0000] "GET /lara/login HTTP/1.1" 500 21744 "-" "Mozilla/5.0 (Windows NT 10.0; Win64; x64) AppleWebKit/537.36 (KHTML, like Gecko) Chrome/78.0.3904.87 Safari/537.36"
81.36.13.162 - - [07/Nov/2019:17:50:47 +0000] "GET /lara/login?__debugger__=yes&cmd=resource&f=style.css HTTP/1.1" 200 2426 "https://pythonavanzado.techtalents.cloud/lara/login" "Mozilla/5.0 (Windows NT 10.0; Win64; x64) AppleWebKit/537.36 (KHTML, like Gecko) Chrome/78.0.3904.87 Safari/537.36"
81.36.13.162 - - [07/Nov/2019:17:50:47 +0000] "GET /lara/login?__debugger__=yes&cmd=resource&f=jquery.js HTTP/1.1" 200 31205 "https://pythonavanzado.techtalents.cloud/lara/login" "Mozilla/5.0 (Windows NT 10.0; Win64; x64) AppleWebKit/537.36 (KHTML, like Gecko) Chrome/78.0.3904.87 Safari/537.36"
81.36.13.162 - - [07/Nov/2019:17:50:47 +0000] "GET /lara/login?__debugger__=yes&cmd=resource&f=debugger.js HTTP/1.1" 200 2846 "https://pythonavanzado.techtalents.cloud/lara/login" "Mozilla/5.0 (Windows NT 10.0; Win64; x64) AppleWebKit/537.36 (KHTML, like Gecko) Chrome/78.0.3904.87 Safari/537.36"
81.36.13.162 - - [07/Nov/2019:17:50:47 +0000] "GET /lara/login?__debugger__=yes&cmd=resource&f=console.png HTTP/1.1" 200 776 "https://pythonavanzado.techtalents.cloud/lara/login" "Mozilla/5.0 (Windows NT 10.0; Win64; x64) AppleWebKit/537.36 (KHTML, like Gecko) Chrome/78.0.3904.87 Safari/537.36"
81.36.13.162 - - [07/Nov/2019:17:50:47 +0000] "GET /lara/login?__debugger__=yes&cmd=resource&f=ubuntu.ttf HTTP/1.1" 200 70818 "https://pythonavanzado.techtalents.cloud/lara/login?__debugger__=yes&cmd=resource&f=style.css" "Mozilla/5.0 (Windows NT 10.0; Win64; x64) AppleWebKit/537.36 (KHTML, like Gecko) Chrome/78.0.3904.87 Safari/537.36"
81.36.13.162 - - [07/Nov/2019:17:50:47 +0000] "GET /lara/login?__debugger__=yes&cmd=resource&f=console.png HTTP/1.1" 200 776 "https://pythonavanzado.techtalents.cloud/lara/login" "Mozilla/5.0 (Windows NT 10.0; Win64; x64) AppleWebKit/537.36 (KHTML, like Gecko) Chrome/78.0.3904.87 Safari/537.36"
81.32.70.200 - - [07/Nov/2019:17:50:48 +0000] "GET /javier/login HTTP/1.1" 200 1665 "-" "Mozilla/5.0 (Windows NT 10.0; Win64; x64; rv:70.0) Gecko/20100101 Firefox/70.0"
81.32.70.200 - - [07/Nov/2019:17:50:49 +0000] "GET /favicon.ico HTTP/1.1" 404 424 "-" "Mozilla/5.0 (Windows NT 10.0; Win64; x64; rv:70.0) Gecko/20100101 Firefox/70.0"
81.36.13.162 - - [07/Nov/2019:17:50:50 +0000] "GET /lara/login HTTP/1.1" 500 21596 "-" "Mozilla/5.0 (Windows NT 10.0; Win64; x64) AppleWebKit/537.36 (KHTML, like Gecko) Chrome/78.0.3904.87 Safari/537.36"
81.36.13.162 - - [07/Nov/2019:17:50:50 +0000] "GET /lara/login?__debugger__=yes&cmd=resource&f=style.css HTTP/1.1" 200 2277 "https://pythonavanzado.techtalents.cloud/lara/login" "Mozilla/5.0 (Windows NT 10.0; Win64; x64) AppleWebKit/537.36 (KHTML, like Gecko) Chrome/78.0.3904.87 Safari/537.36"
81.36.13.162 - - [07/Nov/2019:17:50:50 +0000] "GET /lara/login?__debugger__=yes&cmd=resource&f=jquery.js HTTP/1.1" 200 31354 "https://pythonavanzado.techtalents.cloud/lara/login" "Mozilla/5.0 (Windows NT 10.0; Win64; x64) AppleWebKit/537.36 (KHTML, like Gecko) Chrome/78.0.3904.87 Safari/537.36"
81.36.13.162 - - [07/Nov/2019:17:50:50 +0000] "GET /lara/login?__debugger__=yes&cmd=resource&f=debugger.js HTTP/1.1" 200 2697 "https://pythonavanzado.techtalents.cloud/lara/login" "Mozilla/5.0 (Windows NT 10.0; Win64; x64) AppleWebKit/537.36 (KHTML, like Gecko) Chrome/78.0.3904.87 Safari/537.36"
81.36.13.162 - - [07/Nov/2019:17:50:50 +0000] "GET /lara/login?__debugger__=yes&cmd=resource&f=console.png HTTP/1.1" 200 755 "https://pythonavanzado.techtalents.cloud/lara/login" "Mozilla/5.0 (Windows NT 10.0; Win64; x64) AppleWebKit/537.36 (KHTML, like Gecko) Chrome/78.0.3904.87 Safari/537.36"
81.36.13.162 - - [07/Nov/2019:17:50:50 +0000] "GET /lara/login?__debugger__=yes&cmd=resource&f=ubuntu.ttf HTTP/1.1" 200 70839 "https://pythonavanzado.techtalents.cloud/lara/login?__debugger__=yes&cmd=resource&f=style.css" "Mozilla/5.0 (Windows NT 10.0; Win64; x64) AppleWebKit/537.36 (KHTML, like Gecko) Chrome/78.0.3904.87 Safari/537.36"
81.36.13.162 - - [07/Nov/2019:17:50:50 +0000] "GET /lara/login?__debugger__=yes&cmd=resource&f=console.png HTTP/1.1" 200 776 "https://pythonavanzado.techtalents.cloud/lara/login" "Mozilla/5.0 (Windows NT 10.0; Win64; x64) AppleWebKit/537.36 (KHTML, like Gecko) Chrome/78.0.3904.87 Safari/537.36"
81.36.13.162 - - [07/Nov/2019:17:50:52 +0000] "GET /lorenzo/ HTTP/1.1" 200 4738 "-" "Mozilla/5.0 (Windows NT 10.0; Win64; x64) AppleWebKit/537.36 (KHTML, like Gecko) Chrome/78.0.3904.87 Safari/537.36"
81.36.13.162 - - [07/Nov/2019:17:50:52 +0000] "GET /favicon.ico HTTP/1.1" 404 424 "https://pythonavanzado.techtalents.cloud/lorenzo/" "Mozilla/5.0 (Windows NT 10.0; Win64; x64) AppleWebKit/537.36 (KHTML, like Gecko) Chrome/78.0.3904.87 Safari/537.36"
81.36.13.162 - - [07/Nov/2019:17:50:55 +0000] "GET /?username=e&password=e HTTP/1.1" 403 427 "https://pythonavanzado.techtalents.cloud/lorenzo/" "Mozilla/5.0 (Windows NT 10.0; Win64; x64) AppleWebKit/537.36 (KHTML, like Gecko) Chrome/78.0.3904.87 Safari/537.36"
81.32.70.200 - - [07/Nov/2019:17:50:56 +0000] "GET /javier/login HTTP/1.1" 200 1665 "-" "Mozilla/5.0 (Windows NT 10.0; Win64; x64; rv:70.0) Gecko/20100101 Firefox/70.0"
81.32.70.200 - - [07/Nov/2019:17:50:56 +0000] "GET /favicon.ico HTTP/1.1" 404 424 "-" "Mozilla/5.0 (Windows NT 10.0; Win64; x64; rv:70.0) Gecko/20100101 Firefox/70.0"
81.32.70.200 - - [07/Nov/2019:17:51:17 +0000] "GET /lara/login HTTP/1.1" 500 21723 "-" "Mozilla/5.0 (Windows NT 10.0; Win64; x64; rv:70.0) Gecko/20100101 Firefox/70.0"
81.32.70.200 - - [07/Nov/2019:17:51:18 +0000] "GET /lara/login?__debugger__=yes&cmd=resource&f=style.css HTTP/1.1" 200 2419 "https://pythonavanzado.techtalents.cloud/lara/login" "Mozilla/5.0 (Windows NT 10.0; Win64; x64; rv:70.0) Gecko/20100101 Firefox/70.0"
81.32.70.200 - - [07/Nov/2019:17:51:18 +0000] "GET /lara/login?__debugger__=yes&cmd=resource&f=debugger.js HTTP/1.1" 200 2846 "https://pythonavanzado.techtalents.cloud/lara/login" "Mozilla/5.0 (Windows NT 10.0; Win64; x64; rv:70.0) Gecko/20100101 Firefox/70.0"
81.32.70.200 - - [07/Nov/2019:17:51:18 +0000] "GET /lara/login?__debugger__=yes&cmd=resource&f=jquery.js HTTP/1.1" 200 31256 "https://pythonavanzado.techtalents.cloud/lara/login" "Mozilla/5.0 (Windows NT 10.0; Win64; x64; rv:70.0) Gecko/20100101 Firefox/70.0"
81.32.70.200 - - [07/Nov/2019:17:51:18 +0000] "GET /lara/login?__debugger__=yes&cmd=resource&f=ubuntu.ttf HTTP/1.1" 200 70818 "https://pythonavanzado.techtalents.cloud/lara/login?__debugger__=yes&cmd=resource&f=style.css" "Mozilla/5.0 (Windows NT 10.0; Win64; x64; rv:70.0) Gecko/20100101 Firefox/70.0"
81.32.70.200 - - [07/Nov/2019:17:51:18 +0000] "GET /lara/login?__debugger__=yes&cmd=resource&f=console.png HTTP/1.1" 200 755 "https://pythonavanzado.techtalents.cloud/lara/login" "Mozilla/5.0 (Windows NT 10.0; Win64; x64; rv:70.0) Gecko/20100101 Firefox/70.0"
81.36.13.162 - - [07/Nov/2019:17:51:23 +0000] "GET /javier/login HTTP/1.1" 200 1665 "-" "Mozilla/5.0 (Windows NT 10.0; Win64; x64) AppleWebKit/537.36 (KHTML, like Gecko) Chrome/78.0.3904.97 Safari/537.36"
81.36.13.162 - - [07/Nov/2019:17:51:47 +0000] "GET /lara/login HTTP/1.1" 200 1642 "-" "Mozilla/5.0 (Windows NT 10.0; Win64; x64) AppleWebKit/537.36 (KHTML, like Gecko) Chrome/78.0.3904.87 Safari/537.36"
81.36.13.162 - - [07/Nov/2019:17:51:52 +0000] "GET /javier/login HTTP/1.1" 200 4800 "-" "Mozilla/5.0 (Windows NT 10.0; Win64; x64) AppleWebKit/537.36 (KHTML, like Gecko) Chrome/78.0.3904.97 Safari/537.36"
81.36.13.162 - - [07/Nov/2019:17:51:53 +0000] "GET /lara?username=hi&password=hi HTTP/1.1" 301 749 "https://pythonavanzado.techtalents.cloud/lara/login" "Mozilla/5.0 (Windows NT 10.0; Win64; x64) AppleWebKit/537.36 (KHTML, like Gecko) Chrome/78.0.3904.87 Safari/537.36"
81.36.13.162 - - [07/Nov/2019:17:51:53 +0000] "GET /lara/?username=hi&password=hi HTTP/1.1" 200 404 "https://pythonavanzado.techtalents.cloud/lara/login" "Mozilla/5.0 (Windows NT 10.0; Win64; x64) AppleWebKit/537.36 (KHTML, like Gecko) Chrome/78.0.3904.87 Safari/537.36"
81.36.13.162 - - [07/Nov/2019:17:51:55 +0000] "GET /javier?username=daw&password=wdad HTTP/1.1" 301 610 "https://pythonavanzado.techtalents.cloud/javier/login" "Mozilla/5.0 (Windows NT 10.0; Win64; x64) AppleWebKit/537.36 (KHTML, like Gecko) Chrome/78.0.3904.97 Safari/537.36"
81.36.13.162 - - [07/Nov/2019:17:51:55 +0000] "GET /javier/?username=daw&password=wdad HTTP/1.1" 200 470 "https://pythonavanzado.techtalents.cloud/javier/login" "Mozilla/5.0 (Windows NT 10.0; Win64; x64) AppleWebKit/537.36 (KHTML, like Gecko) Chrome/78.0.3904.97 Safari/537.36"
81.36.13.162 - - [07/Nov/2019:17:52:07 +0000] "GET /lara/?username=hi&password=hi HTTP/1.1" 200 3585 "https://pythonavanzado.techtalents.cloud/lara/login" "Mozilla/5.0 (Windows NT 10.0; Win64; x64) AppleWebKit/537.36 (KHTML, like Gecko) Chrome/78.0.3904.87 Safari/537.36"
81.32.70.200 - - [07/Nov/2019:17:52:21 +0000] "GET /nico/?username=hi&password= HTTP/1.1" 200 562 "https://pythonavanzado.techtalents.cloud/nico/login" "Mozilla/5.0 (Windows NT 10.0; Win64; x64; rv:70.0) Gecko/20100101 Firefox/70.0"
81.32.70.200 - - [07/Nov/2019:17:52:24 +0000] "GET /nico/login HTTP/1.1" 200 1642 "-" "Mozilla/5.0 (Windows NT 10.0; Win64; x64; rv:70.0) Gecko/20100101 Firefox/70.0"
81.32.70.200 - - [07/Nov/2019:17:52:24 +0000] "GET /favicon.ico HTTP/1.1" 404 424 "-" "Mozilla/5.0 (Windows NT 10.0; Win64; x64; rv:70.0) Gecko/20100101 Firefox/70.0"
81.32.70.200 - - [07/Nov/2019:17:52:25 +0000] "GET /nico/login?username=&password= HTTP/1.1" 200 1493 "https://pythonavanzado.techtalents.cloud/nico/login" "Mozilla/5.0 (Windows NT 10.0; Win64; x64; rv:70.0) Gecko/20100101 Firefox/70.0"
81.32.70.200 - - [07/Nov/2019:17:52:37 +0000] "GET /javier/login HTTP/1.1" 200 1651 "-" "Mozilla/5.0 (Windows NT 10.0; Win64; x64; rv:70.0) Gecko/20100101 Firefox/70.0"
81.32.70.200 - - [07/Nov/2019:17:52:38 +0000] "GET /favicon.ico HTTP/1.1" 404 424 "-" "Mozilla/5.0 (Windows NT 10.0; Win64; x64; rv:70.0) Gecko/20100101 Firefox/70.0"
81.32.70.200 - - [07/Nov/2019:17:52:39 +0000] "GET /lara/login HTTP/1.1" 200 1642 "-" "Mozilla/5.0 (Windows NT 10.0; Win64; x64; rv:70.0) Gecko/20100101 Firefox/70.0"
81.32.70.200 - - [07/Nov/2019:17:52:39 +0000] "GET /favicon.ico HTTP/1.1" 404 424 "-" "Mozilla/5.0 (Windows NT 10.0; Win64; x64; rv:70.0) Gecko/20100101 Firefox/70.0"
81.32.70.200 - - [07/Nov/2019:17:52:42 +0000] "GET /lara?username=hi&password=hi HTTP/1.1" 301 600 "https://pythonavanzado.techtalents.cloud/lara/login" "Mozilla/5.0 (Windows NT 10.0; Win64; x64; rv:70.0) Gecko/20100101 Firefox/70.0"
81.32.70.200 - - [07/Nov/2019:17:52:42 +0000] "GET /lara/?username=hi&password=hi HTTP/1.1" 200 404 "https://pythonavanzado.techtalents.cloud/lara/login" "Mozilla/5.0 (Windows NT 10.0; Win64; x64; rv:70.0) Gecko/20100101 Firefox/70.0"
81.32.70.200 - - [07/Nov/2019:17:52:46 +0000] "GET /lorenzo/ HTTP/1.1" 200 1649 "-" "Mozilla/5.0 (Windows NT 10.0; Win64; x64; rv:70.0) Gecko/20100101 Firefox/70.0"
81.32.70.200 - - [07/Nov/2019:17:52:47 +0000] "GET /favicon.ico HTTP/1.1" 404 424 "-" "Mozilla/5.0 (Windows NT 10.0; Win64; x64; rv:70.0) Gecko/20100101 Firefox/70.0"
81.32.70.200 - - [07/Nov/2019:17:52:49 +0000] "GET /lorenzo/index.html?username=hi&password=hi HTTP/1.1" 200 1500 "https://pythonavanzado.techtalents.cloud/lorenzo/" "Mozilla/5.0 (Windows NT 10.0; Win64; x64; rv:70.0) Gecko/20100101 Firefox/70.0"
81.36.13.162 - - [07/Nov/2019:17:52:52 +0000] "GET /lorenzo/ HTTP/1.1" 200 4798 "-" "Mozilla/5.0 (Windows NT 10.0; Win64; x64) AppleWebKit/537.36 (KHTML, like Gecko) Chrome/78.0.3904.87 Safari/537.36"
81.36.13.162 - - [07/Nov/2019:17:52:52 +0000] "GET /favicon.ico HTTP/1.1" 404 424 "https://pythonavanzado.techtalents.cloud/lorenzo/" "Mozilla/5.0 (Windows NT 10.0; Win64; x64) AppleWebKit/537.36 (KHTML, like Gecko) Chrome/78.0.3904.87 Safari/537.36"
81.36.13.162 - - [07/Nov/2019:17:52:55 +0000] "GET /lorenzo/index.html?username=e&password=e HTTP/1.1" 200 1500 "https://pythonavanzado.techtalents.cloud/lorenzo/" "Mozilla/5.0 (Windows NT 10.0; Win64; x64) AppleWebKit/537.36 (KHTML, like Gecko) Chrome/78.0.3904.87 Safari/537.36"
81.36.13.162 - - [07/Nov/2019:17:53:10 +0000] "GET /lorenzo/index.html?username=e&password=e HTTP/1.1" 200 1649 "https://pythonavanzado.techtalents.cloud/lorenzo/" "Mozilla/5.0 (Windows NT 10.0; Win64; x64) AppleWebKit/537.36 (KHTML, like Gecko) Chrome/78.0.3904.87 Safari/537.36"
81.32.70.200 - - [07/Nov/2019:17:53:40 +0000] "GET /nico/login HTTP/1.1" 200 1639 "-" "Mozilla/5.0 (Windows NT 10.0; Win64; x64; rv:70.0) Gecko/20100101 Firefox/70.0"
81.32.70.200 - - [07/Nov/2019:17:53:41 +0000] "GET /favicon.ico HTTP/1.1" 404 424 "-" "Mozilla/5.0 (Windows NT 10.0; Win64; x64; rv:70.0) Gecko/20100101 Firefox/70.0"
81.32.70.200 - - [07/Nov/2019:17:53:48 +0000] "GET /nico?username=hi&password=hi HTTP/1.1" 301 749 "https://pythonavanzado.techtalents.cloud/nico/login" "Mozilla/5.0 (Windows NT 10.0; Win64; x64; rv:70.0) Gecko/20100101 Firefox/70.0"
81.32.70.200 - - [07/Nov/2019:17:53:48 +0000] "GET /nico/?username=hi&password=hi HTTP/1.1" 200 413 "https://pythonavanzado.techtalents.cloud/nico/login" "Mozilla/5.0 (Windows NT 10.0; Win64; x64; rv:70.0) Gecko/20100101 Firefox/70.0"
81.36.13.162 - - [07/Nov/2019:17:54:20 +0000] "GET /lorenzo/ HTTP/1.1" 200 1649 "-" "Mozilla/5.0 (Windows NT 10.0; Win64; x64) AppleWebKit/537.36 (KHTML, like Gecko) Chrome/78.0.3904.87 Safari/537.36"
81.32.70.200 - - [07/Nov/2019:17:57:21 +0000] "GET /javier/login HTTP/1.1" 200 4800 "-" "Mozilla/5.0 (Windows NT 10.0; Win64; x64; rv:70.0) Gecko/20100101 Firefox/70.0"
81.32.70.200 - - [07/Nov/2019:17:57:21 +0000] "GET /favicon.ico HTTP/1.1" 404 424 "-" "Mozilla/5.0 (Windows NT 10.0; Win64; x64; rv:70.0) Gecko/20100101 Firefox/70.0"
81.32.70.200 - - [07/Nov/2019:17:57:23 +0000] "GET /lorenzo/ HTTP/1.1" 200 1649 "-" "Mozilla/5.0 (Windows NT 10.0; Win64; x64; rv:70.0) Gecko/20100101 Firefox/70.0"
81.32.70.200 - - [07/Nov/2019:17:57:24 +0000] "GET /favicon.ico HTTP/1.1" 404 424 "-" "Mozilla/5.0 (Windows NT 10.0; Win64; x64; rv:70.0) Gecko/20100101 Firefox/70.0"
81.32.70.200 - - [07/Nov/2019:17:57:30 +0000] "GET /lorenzo/index.html?username=hi&password=hi HTTP/1.1" 200 1649 "https://pythonavanzado.techtalents.cloud/lorenzo/" "Mozilla/5.0 (Windows NT 10.0; Win64; x64; rv:70.0) Gecko/20100101 Firefox/70.0"
81.36.13.162 - - [07/Nov/2019:17:57:37 +0000] "GET /lara/login HTTP/1.1" 200 4791 "-" "Mozilla/5.0 (Windows NT 10.0; Win64; x64) AppleWebKit/537.36 (KHTML, like Gecko) Chrome/78.0.3904.87 Safari/537.36"
81.36.13.162 - - [07/Nov/2019:17:57:39 +0000] "GET /lara/login HTTP/1.1" 200 1493 "-" "Mozilla/5.0 (Windows NT 10.0; Win64; x64) AppleWebKit/537.36 (KHTML, like Gecko) Chrome/78.0.3904.87 Safari/537.36"
81.36.13.162 - - [07/Nov/2019:17:57:43 +0000] "GET /lara?username=f&password=f HTTP/1.1" 301 596 "https://pythonavanzado.techtalents.cloud/lara/login" "Mozilla/5.0 (Windows NT 10.0; Win64; x64) AppleWebKit/537.36 (KHTML, like Gecko) Chrome/78.0.3904.87 Safari/537.36"
81.36.13.162 - - [07/Nov/2019:17:57:43 +0000] "GET /lara/?username=f&password=f HTTP/1.1" 200 404 "https://pythonavanzado.techtalents.cloud/lara/login" "Mozilla/5.0 (Windows NT 10.0; Win64; x64) AppleWebKit/537.36 (KHTML, like Gecko) Chrome/78.0.3904.87 Safari/537.36"
81.36.13.162 - - [07/Nov/2019:17:58:07 +0000] "GET /lara/login HTTP/1.1" 200 1642 "-" "Mozilla/5.0 (Windows NT 10.0; Win64; x64) AppleWebKit/537.36 (KHTML, like Gecko) Chrome/78.0.3904.87 Safari/537.36"
81.36.13.162 - - [07/Nov/2019:17:58:12 +0000] "GET /lara?username=h&password=ii HTTP/1.1" 301 598 "https://pythonavanzado.techtalents.cloud/lara/login" "Mozilla/5.0 (Windows NT 10.0; Win64; x64) AppleWebKit/537.36 (KHTML, like Gecko) Chrome/78.0.3904.87 Safari/537.36"
81.36.13.162 - - [07/Nov/2019:17:58:12 +0000] "GET /lara/?username=h&password=ii HTTP/1.1" 200 404 "https://pythonavanzado.techtalents.cloud/lara/login" "Mozilla/5.0 (Windows NT 10.0; Win64; x64) AppleWebKit/537.36 (KHTML, like Gecko) Chrome/78.0.3904.87 Safari/537.36"
81.32.70.200 - - [07/Nov/2019:17:58:37 +0000] "GET /nico/login/logs HTTP/1.1" 404 657 "-" "Mozilla/5.0 (Windows NT 10.0; Win64; x64; rv:70.0) Gecko/20100101 Firefox/70.0"
