81.32.70.200 - - [07/Nov/2019:16:45:08 +0000] "GET /favicon.ico HTTP/1.1" 404 573 "-" "Mozilla/5.0 (Windows NT 10.0; Win64; x64; rv:70.0) Gecko/20100101 Firefox/70.0"
81.36.13.162 - - [07/Nov/2019:16:46:57 +0000] "GET / HTTP/1.1" 403 3725 "-" "Mozilla/5.0 (Windows NT 10.0; Win64; x64) AppleWebKit/537.36 (KHTML, like Gecko) Chrome/78.0.3904.87 Safari/537.36"
81.36.13.162 - - [07/Nov/2019:16:46:57 +0000] "GET /favicon.ico HTTP/1.1" 404 424 "https://pythonavanzado.techtalents.cloud/" "Mozilla/5.0 (Windows NT 10.0; Win64; x64) AppleWebKit/537.36 (KHTML, like Gecko) Chrome/78.0.3904.87 Safari/537.36"
81.36.13.162 - - [07/Nov/2019:16:46:59 +0000] "GET / HTTP/1.1" 403 427 "-" "Mozilla/5.0 (Windows NT 10.0; Win64; x64) AppleWebKit/537.36 (KHTML, like Gecko) Chrome/78.0.3904.87 Safari/537.36"
81.32.70.200 - - [07/Nov/2019:16:48:11 +0000] "GET /nico/file HTTP/1.1" 503 649 "-" "Mozilla/5.0 (Windows NT 10.0; Win64; x64; rv:70.0) Gecko/20100101 Firefox/70.0"
81.32.70.200 - - [07/Nov/2019:16:48:41 +0000] "GET /nico/file HTTP/1.1" 200 468 "-" "Mozilla/5.0 (Windows NT 10.0; Win64; x64; rv:70.0) Gecko/20100101 Firefox/70.0"
81.32.70.200 - - [07/Nov/2019:16:48:42 +0000] "GET /favicon.ico HTTP/1.1" 404 424 "-" "Mozilla/5.0 (Windows NT 10.0; Win64; x64; rv:70.0) Gecko/20100101 Firefox/70.0"
81.36.13.162 - - [07/Nov/2019:16:48:55 +0000] "GET /lorenzo/test%20file HTTP/1.1" 301 552 "-" "Mozilla/5.0 (Windows NT 10.0; Win64; x64) AppleWebKit/537.36 (KHTML, like Gecko) Chrome/78.0.3904.87 Safari/537.36"
81.36.13.162 - - [07/Nov/2019:16:48:55 +0000] "GET /lorenzo/test%20file HTTP/1.1" 404 3722 "-" "Mozilla/5.0 (Windows NT 10.0; Win64; x64) AppleWebKit/537.36 (KHTML, like Gecko) Chrome/78.0.3904.87 Safari/537.36"
81.36.13.162 - - [07/Nov/2019:16:48:55 +0000] "GET /favicon.ico HTTP/1.1" 404 424 "https://pythonavanzado.techtalents.cloud/lorenzo/test%20file" "Mozilla/5.0 (Windows NT 10.0; Win64; x64) AppleWebKit/537.36 (KHTML, like Gecko) Chrome/78.0.3904.87 Safari/537.36"
81.36.13.162 - - [07/Nov/2019:16:49:08 +0000] "GET /lara HTTP/1.1" 301 697 "-" "Mozilla/5.0 (Windows NT 10.0; Win64; x64) AppleWebKit/537.36 (KHTML, like Gecko) Chrome/78.0.3904.87 Safari/537.36"
81.36.13.162 - - [07/Nov/2019:16:49:08 +0000] "GET /lara/ HTTP/1.1" 403 427 "-" "Mozilla/5.0 (Windows NT 10.0; Win64; x64) AppleWebKit/537.36 (KHTML, like Gecko) Chrome/78.0.3904.87 Safari/537.36"
81.32.70.200 - - [07/Nov/2019:16:49:09 +0000] "GET /lorenzo/test HTTP/1.1" 404 573 "-" "Mozilla/5.0 (Windows NT 10.0; Win64; x64; rv:70.0) Gecko/20100101 Firefox/70.0"
81.32.70.200 - - [07/Nov/2019:16:49:25 +0000] "GET /lorenzo/.vscode/test HTTP/1.1" 404 573 "-" "Mozilla/5.0 (Windows NT 10.0; Win64; x64; rv:70.0) Gecko/20100101 Firefox/70.0"
81.32.70.200 - - [07/Nov/2019:16:49:36 +0000] "GET /lorenzo/test HTTP/1.1" 404 573 "-" "Mozilla/5.0 (Windows NT 10.0; Win64; x64; rv:70.0) Gecko/20100101 Firefox/70.0"
81.36.13.162 - - [07/Nov/2019:16:49:42 +0000] "GET /javier/file HTTP/1.1" 301 540 "-" "Mozilla/5.0 (Windows NT 10.0; Win64; x64) AppleWebKit/537.36 (KHTML, like Gecko) Chrome/78.0.3904.97 Safari/537.36"
81.36.13.162 - - [07/Nov/2019:16:49:42 +0000] "GET /javier/file HTTP/1.1" 404 3722 "-" "Mozilla/5.0 (Windows NT 10.0; Win64; x64) AppleWebKit/537.36 (KHTML, like Gecko) Chrome/78.0.3904.97 Safari/537.36"
81.36.13.162 - - [07/Nov/2019:16:49:42 +0000] "GET /favicon.ico HTTP/1.1" 404 424 "https://pythonavanzado.techtalents.cloud/javier/file" "Mozilla/5.0 (Windows NT 10.0; Win64; x64) AppleWebKit/537.36 (KHTML, like Gecko) Chrome/78.0.3904.97 Safari/537.36"
81.32.70.200 - - [07/Nov/2019:16:49:59 +0000] "GET /lorenzo/test HTTP/1.1" 200 493 "-" "Mozilla/5.0 (Windows NT 10.0; Win64; x64; rv:70.0) Gecko/20100101 Firefox/70.0"
81.36.13.162 - - [07/Nov/2019:16:50:03 +0000] "GET /lara/ HTTP/1.1" 403 576 "-" "Mozilla/5.0 (Windows NT 10.0; Win64; x64) AppleWebKit/537.36 (KHTML, like Gecko) Chrome/78.0.3904.87 Safari/537.36"
81.36.13.162 - - [07/Nov/2019:16:50:04 +0000] "GET /lara/ HTTP/1.1" 403 427 "-" "Mozilla/5.0 (Windows NT 10.0; Win64; x64) AppleWebKit/537.36 (KHTML, like Gecko) Chrome/78.0.3904.87 Safari/537.36"
81.36.13.162 - - [07/Nov/2019:16:50:17 +0000] "GET /lara/ HTTP/1.1" 403 576 "-" "Mozilla/5.0 (Windows NT 10.0; Win64; x64) AppleWebKit/537.36 (KHTML, like Gecko) Chrome/78.0.3904.87 Safari/537.36"
81.36.13.162 - - [07/Nov/2019:16:50:19 +0000] "GET /lara/ HTTP/1.1" 403 427 "-" "Mozilla/5.0 (Windows NT 10.0; Win64; x64) AppleWebKit/537.36 (KHTML, like Gecko) Chrome/78.0.3904.87 Safari/537.36"
81.36.13.162 - - [07/Nov/2019:16:50:26 +0000] "GET / HTTP/1.1" 403 576 "-" "Mozilla/5.0 (Windows NT 10.0; Win64; x64) AppleWebKit/537.36 (KHTML, like Gecko) Chrome/78.0.3904.87 Safari/537.36"
81.36.13.162 - - [07/Nov/2019:16:50:26 +0000] "GET /javier/file HTTP/1.1" 404 573 "-" "Mozilla/5.0 (Windows NT 10.0; Win64; x64) AppleWebKit/537.36 (KHTML, like Gecko) Chrome/78.0.3904.97 Safari/537.36"
81.36.13.162 - - [07/Nov/2019:16:50:28 +0000] "GET /javier/file HTTP/1.1" 404 424 "-" "Mozilla/5.0 (Windows NT 10.0; Win64; x64) AppleWebKit/537.36 (KHTML, like Gecko) Chrome/78.0.3904.97 Safari/537.36"
81.36.13.162 - - [07/Nov/2019:16:50:29 +0000] "GET /javier/file HTTP/1.1" 404 424 "-" "Mozilla/5.0 (Windows NT 10.0; Win64; x64) AppleWebKit/537.36 (KHTML, like Gecko) Chrome/78.0.3904.97 Safari/537.36"
81.36.13.162 - - [07/Nov/2019:16:50:52 +0000] "GET /halloween/results HTTP/1.1" 200 57479 "-" "Mozilla/5.0 (Windows NT 10.0; Win64; x64) AppleWebKit/537.36 (KHTML, like Gecko) Chrome/78.0.3904.97 Safari/537.36"
81.36.13.162 - - [07/Nov/2019:16:50:54 +0000] "GET /lara/file HTTP/1.1" 404 573 "-" "Mozilla/5.0 (Windows NT 10.0; Win64; x64) AppleWebKit/537.36 (KHTML, like Gecko) Chrome/78.0.3904.87 Safari/537.36"
81.36.13.162 - - [07/Nov/2019:16:51:22 +0000] "GET /lara/file HTTP/1.1" 200 466 "-" "Mozilla/5.0 (Windows NT 10.0; Win64; x64) AppleWebKit/537.36 (KHTML, like Gecko) Chrome/78.0.3904.87 Safari/537.36"
81.36.13.162 - - [07/Nov/2019:16:51:48 +0000] "GET /javier/file%C3%A7 HTTP/1.1" 404 573 "-" "Mozilla/5.0 (Windows NT 10.0; Win64; x64) AppleWebKit/537.36 (KHTML, like Gecko) Chrome/78.0.3904.97 Safari/537.36"
81.36.13.162 - - [07/Nov/2019:16:52:25 +0000] "GET /javier/file%C3%A7 HTTP/1.1" 404 573 "-" "Mozilla/5.0 (Windows NT 10.0; Win64; x64) AppleWebKit/537.36 (KHTML, like Gecko) Chrome/78.0.3904.97 Safari/537.36"
81.36.13.162 - - [07/Nov/2019:16:52:44 +0000] "GET /javier/File%C3%A7 HTTP/1.1" 200 466 "-" "Mozilla/5.0 (Windows NT 10.0; Win64; x64) AppleWebKit/537.36 (KHTML, like Gecko) Chrome/78.0.3904.97 Safari/537.36"
81.36.13.162 - - [07/Nov/2019:16:53:30 +0000] "GET /javier/File%C3%A7 HTTP/1.1" 200 470 "-" "Mozilla/5.0 (Windows NT 10.0; Win64; x64) AppleWebKit/537.36 (KHTML, like Gecko) Chrome/78.0.3904.97 Safari/537.36"
81.36.13.162 - - [07/Nov/2019:16:53:56 +0000] "GET /javier/File%C3%A7 HTTP/1.1" 200 497 "-" "Mozilla/5.0 (Windows NT 10.0; Win64; x64) AppleWebKit/537.36 (KHTML, like Gecko) Chrome/78.0.3904.97 Safari/537.36"
81.36.13.162 - - [07/Nov/2019:16:54:07 +0000] "GET /lara/file HTTP/1.1" 304 3489 "-" "Mozilla/5.0 (Windows NT 10.0; Win64; x64) AppleWebKit/537.36 (KHTML, like Gecko) Chrome/78.0.3904.87 Safari/537.36"
81.36.13.162 - - [07/Nov/2019:16:54:16 +0000] "GET /javier/File%C3%A7 HTTP/1.1" 200 501 "-" "Mozilla/5.0 (Windows NT 10.0; Win64; x64) AppleWebKit/537.36 (KHTML, like Gecko) Chrome/78.0.3904.97 Safari/537.36"
81.36.13.162 - - [07/Nov/2019:16:54:35 +0000] "GET /lara/file HTTP/1.1" 304 340 "-" "Mozilla/5.0 (Windows NT 10.0; Win64; x64) AppleWebKit/537.36 (KHTML, like Gecko) Chrome/78.0.3904.87 Safari/537.36"
81.36.13.162 - - [07/Nov/2019:16:54:41 +0000] "GET /javier/File%C3%A7 HTTP/1.1" 200 521 "-" "Mozilla/5.0 (Windows NT 10.0; Win64; x64) AppleWebKit/537.36 (KHTML, like Gecko) Chrome/78.0.3904.97 Safari/537.36"
81.36.13.162 - - [07/Nov/2019:16:54:57 +0000] "GET /javier/File%C3%A7 HTTP/1.1" 200 3680 "-" "Mozilla/5.0 (Windows NT 10.0; Win64; x64) AppleWebKit/537.36 (KHTML, like Gecko) Chrome/78.0.3904.97 Safari/537.36"
81.36.13.162 - - [07/Nov/2019:16:56:37 +0000] "GET /lara/file HTTP/1.1" 200 522 "-" "Mozilla/5.0 (Windows NT 10.0; Win64; x64) AppleWebKit/537.36 (KHTML, like Gecko) Chrome/78.0.3904.87 Safari/537.36"
81.36.13.162 - - [07/Nov/2019:16:56:46 +0000] "GET /lara/file HTTP/1.1" 200 468 "-" "Mozilla/5.0 (Windows NT 10.0; Win64; x64) AppleWebKit/537.36 (KHTML, like Gecko) Chrome/78.0.3904.87 Safari/537.36"
81.36.13.162 - - [07/Nov/2019:16:57:36 +0000] "GET /lara/file HTTP/1.1" 503 649 "-" "Mozilla/5.0 (Windows NT 10.0; Win64; x64) AppleWebKit/537.36 (KHTML, like Gecko) Chrome/78.0.3904.87 Safari/537.36"
81.36.13.162 - - [07/Nov/2019:16:57:40 +0000] "GET /javier/File%C3%A7 HTTP/1.1" 503 649 "-" "Mozilla/5.0 (Windows NT 10.0; Win64; x64) AppleWebKit/537.36 (KHTML, like Gecko) Chrome/78.0.3904.97 Safari/537.36"
81.32.70.200 - - [07/Nov/2019:16:57:46 +0000] "GET /lorenzo/test HTTP/1.1" 503 3798 "-" "Mozilla/5.0 (Windows NT 10.0; Win64; x64; rv:70.0) Gecko/20100101 Firefox/70.0"
81.36.13.162 - - [07/Nov/2019:16:57:59 +0000] "GET /lara/file HTTP/1.1" 503 649 "-" "Mozilla/5.0 (Windows NT 10.0; Win64; x64) AppleWebKit/537.36 (KHTML, like Gecko) Chrome/78.0.3904.87 Safari/537.36"
81.32.70.200 - - [07/Nov/2019:16:58:01 +0000] "GET /javier/File HTTP/1.1" 503 649 "-" "Mozilla/5.0 (Windows NT 10.0; Win64; x64; rv:70.0) Gecko/20100101 Firefox/70.0"
81.32.70.200 - - [07/Nov/2019:16:58:05 +0000] "GET /javier/File%C3%A7 HTTP/1.1" 503 649 "-" "Mozilla/5.0 (Windows NT 10.0; Win64; x64; rv:70.0) Gecko/20100101 Firefox/70.0"
81.36.13.162 - - [07/Nov/2019:17:02:15 +0000] "GET /javier/File%C3%A7 HTTP/1.1" 503 3798 "-" "Mozilla/5.0 (Windows NT 10.0; Win64; x64) AppleWebKit/537.36 (KHTML, like Gecko) Chrome/78.0.3904.97 Safari/537.36"
81.36.13.162 - - [07/Nov/2019:17:02:16 +0000] "GET /javier/File%C3%A7 HTTP/1.1" 503 3798 "-" "Mozilla/5.0 (Windows NT 10.0; Win64; x64) AppleWebKit/537.36 (KHTML, like Gecko) Chrome/78.0.3904.97 Safari/537.36"
81.36.13.162 - - [07/Nov/2019:17:02:27 +0000] "GET /javier/File%C3%A7 HTTP/1.1" 503 649 "-" "Mozilla/5.0 (Windows NT 10.0; Win64; x64) AppleWebKit/537.36 (KHTML, like Gecko) Chrome/78.0.3904.97 Safari/537.36"
81.36.13.162 - - [07/Nov/2019:17:02:28 +0000] "GET /javier/File%C3%A7 HTTP/1.1" 503 649 "-" "Mozilla/5.0 (Windows NT 10.0; Win64; x64) AppleWebKit/537.36 (KHTML, like Gecko) Chrome/78.0.3904.97 Safari/537.36"
81.36.13.162 - - [07/Nov/2019:17:02:30 +0000] "GET /lara/file HTTP/1.1" 503 3798 "-" "Mozilla/5.0 (Windows NT 10.0; Win64; x64) AppleWebKit/537.36 (KHTML, like Gecko) Chrome/78.0.3904.87 Safari/537.36"
81.36.13.162 - - [07/Nov/2019:17:02:36 +0000] "GET /lara/file HTTP/1.1" 503 3798 "-" "Mozilla/5.0 (Windows NT 10.0; Win64; x64) AppleWebKit/537.36 (KHTML, like Gecko) Chrome/78.0.3904.87 Safari/537.36"
81.36.13.162 - - [07/Nov/2019:17:02:53 +0000] "GET /lara/file HTTP/1.1" 503 649 "-" "Mozilla/5.0 (Windows NT 10.0; Win64; x64) AppleWebKit/537.36 (KHTML, like Gecko) Chrome/78.0.3904.87 Safari/537.36"
81.36.13.162 - - [07/Nov/2019:17:03:01 +0000] "GET /javier/Sesion08 HTTP/1.1" 503 649 "-" "Mozilla/5.0 (Windows NT 10.0; Win64; x64) AppleWebKit/537.36 (KHTML, like Gecko) Chrome/78.0.3904.97 Safari/537.36"
81.36.13.162 - - [07/Nov/2019:17:03:07 +0000] "GET /javier/Sesion08.py HTTP/1.1" 503 649 "-" "Mozilla/5.0 (Windows NT 10.0; Win64; x64) AppleWebKit/537.36 (KHTML, like Gecko) Chrome/78.0.3904.97 Safari/537.36"
81.36.13.162 - - [07/Nov/2019:17:03:14 +0000] "GET /lara/file HTTP/1.1" 503 649 "-" "Mozilla/5.0 (Windows NT 10.0; Win64; x64) AppleWebKit/537.36 (KHTML, like Gecko) Chrome/78.0.3904.87 Safari/537.36"
81.36.13.162 - - [07/Nov/2019:17:03:17 +0000] "GET /javier/File%C3%A7 HTTP/1.1" 503 649 "-" "Mozilla/5.0 (Windows NT 10.0; Win64; x64) AppleWebKit/537.36 (KHTML, like Gecko) Chrome/78.0.3904.97 Safari/537.36"
81.36.13.162 - - [07/Nov/2019:17:04:01 +0000] "GET /lara/file HTTP/1.1" 503 649 "-" "Mozilla/5.0 (Windows NT 10.0; Win64; x64) AppleWebKit/537.36 (KHTML, like Gecko) Chrome/78.0.3904.87 Safari/537.36"
81.36.13.162 - - [07/Nov/2019:17:04:35 +0000] "GET /lara/file HTTP/1.1" 503 649 "-" "Mozilla/5.0 (Windows NT 10.0; Win64; x64) AppleWebKit/537.36 (KHTML, like Gecko) Chrome/78.0.3904.87 Safari/537.36"
81.36.13.162 - - [07/Nov/2019:17:04:46 +0000] "GET /javier/File%C3%A7 HTTP/1.1" 503 649 "-" "Mozilla/5.0 (Windows NT 10.0; Win64; x64) AppleWebKit/537.36 (KHTML, like Gecko) Chrome/78.0.3904.97 Safari/537.36"
81.36.13.162 - - [07/Nov/2019:17:04:46 +0000] "GET /javier/File%C3%A7 HTTP/1.1" 503 649 "-" "Mozilla/5.0 (Windows NT 10.0; Win64; x64) AppleWebKit/537.36 (KHTML, like Gecko) Chrome/78.0.3904.97 Safari/537.36"
81.36.13.162 - - [07/Nov/2019:17:04:59 +0000] "GET /javier/File%C3%A7 HTTP/1.1" 503 649 "-" "Mozilla/5.0 (Windows NT 10.0; Win64; x64) AppleWebKit/537.36 (KHTML, like Gecko) Chrome/78.0.3904.97 Safari/537.36"
81.36.13.162 - - [07/Nov/2019:17:05:50 +0000] "GET /javier/File%C3%A7/ HTTP/1.1" 503 649 "-" "Mozilla/5.0 (Windows NT 10.0; Win64; x64) AppleWebKit/537.36 (KHTML, like Gecko) Chrome/78.0.3904.97 Safari/537.36"
81.36.13.162 - - [07/Nov/2019:17:05:55 +0000] "GET /javier/File%C3%A7 HTTP/1.1" 503 649 "-" "Mozilla/5.0 (Windows NT 10.0; Win64; x64) AppleWebKit/537.36 (KHTML, like Gecko) Chrome/78.0.3904.97 Safari/537.36"
81.36.13.162 - - [07/Nov/2019:17:05:57 +0000] "GET /javier/File%C3%A7 HTTP/1.1" 503 649 "-" "Mozilla/5.0 (Windows NT 10.0; Win64; x64) AppleWebKit/537.36 (KHTML, like Gecko) Chrome/78.0.3904.97 Safari/537.36"
81.36.13.162 - - [07/Nov/2019:17:05:57 +0000] "GET /lara/file HTTP/1.1" 503 649 "-" "Mozilla/5.0 (Windows NT 10.0; Win64; x64) AppleWebKit/537.36 (KHTML, like Gecko) Chrome/78.0.3904.87 Safari/537.36"
81.36.13.162 - - [07/Nov/2019:17:07:10 +0000] "GET /javier/File%C3%A7 HTTP/1.1" 503 649 "-" "Mozilla/5.0 (Windows NT 10.0; Win64; x64) AppleWebKit/537.36 (KHTML, like Gecko) Chrome/78.0.3904.97 Safari/537.36"
81.36.13.162 - - [07/Nov/2019:17:07:19 +0000] "GET /javier/File%C3%A7/ HTTP/1.1" 503 649 "-" "Mozilla/5.0 (Windows NT 10.0; Win64; x64) AppleWebKit/537.36 (KHTML, like Gecko) Chrome/78.0.3904.97 Safari/537.36"
81.36.13.162 - - [07/Nov/2019:17:08:53 +0000] "GET /lara/file HTTP/1.1" 503 3798 "-" "Mozilla/5.0 (Windows NT 10.0; Win64; x64) AppleWebKit/537.36 (KHTML, like Gecko) Chrome/78.0.3904.87 Safari/537.36"
81.36.13.162 - - [07/Nov/2019:17:09:18 +0000] "GET /javier/File%C3%A7/ HTTP/1.1" 503 3798 "-" "Mozilla/5.0 (Windows NT 10.0; Win64; x64) AppleWebKit/537.36 (KHTML, like Gecko) Chrome/78.0.3904.97 Safari/537.36"
81.36.13.162 - - [07/Nov/2019:17:09:18 +0000] "GET /javier/File%C3%A7/ HTTP/1.1" 503 3798 "-" "Mozilla/5.0 (Windows NT 10.0; Win64; x64) AppleWebKit/537.36 (KHTML, like Gecko) Chrome/78.0.3904.97 Safari/537.36"
81.36.13.162 - - [07/Nov/2019:17:09:30 +0000] "GET /javier/File%C3%A7/ HTTP/1.1" 503 649 "-" "Mozilla/5.0 (Windows NT 10.0; Win64; x64) AppleWebKit/537.36 (KHTML, like Gecko) Chrome/78.0.3904.97 Safari/537.36"
81.36.13.162 - - [07/Nov/2019:17:10:43 +0000] "GET /javier/File%C3%A7/ HTTP/1.1" 503 649 "-" "Mozilla/5.0 (Windows NT 10.0; Win64; x64) AppleWebKit/537.36 (KHTML, like Gecko) Chrome/78.0.3904.97 Safari/537.36"
81.36.13.162 - - [07/Nov/2019:17:10:48 +0000] "GET /javier/File%C3%A7 HTTP/1.1" 503 649 "-" "Mozilla/5.0 (Windows NT 10.0; Win64; x64) AppleWebKit/537.36 (KHTML, like Gecko) Chrome/78.0.3904.97 Safari/537.36"
81.36.13.162 - - [07/Nov/2019:17:10:50 +0000] "GET /javier/File%C3%A7 HTTP/1.1" 503 649 "-" "Mozilla/5.0 (Windows NT 10.0; Win64; x64) AppleWebKit/537.36 (KHTML, like Gecko) Chrome/78.0.3904.97 Safari/537.36"
81.32.70.200 - - [07/Nov/2019:17:13:51 +0000] "GET /javier/ HTTP/1.1" 503 3798 "-" "Mozilla/5.0 (Windows NT 10.0; Win64; x64; rv:70.0) Gecko/20100101 Firefox/70.0"
81.36.13.162 - - [07/Nov/2019:17:13:53 +0000] "GET /lara/file HTTP/1.1" 503 649 "-" "Mozilla/5.0 (Windows NT 10.0; Win64; x64) AppleWebKit/537.36 (KHTML, like Gecko) Chrome/78.0.3904.87 Safari/537.36"
81.32.70.200 - - [07/Nov/2019:17:13:59 +0000] "GET /nico/ HTTP/1.1" 503 649 "-" "Mozilla/5.0 (Windows NT 10.0; Win64; x64; rv:70.0) Gecko/20100101 Firefox/70.0"
81.32.70.200 - - [07/Nov/2019:17:14:03 +0000] "GET /lara HTTP/1.1" 301 526 "-" "Mozilla/5.0 (Windows NT 10.0; Win64; x64; rv:70.0) Gecko/20100101 Firefox/70.0"
81.32.70.200 - - [07/Nov/2019:17:14:03 +0000] "GET /lara HTTP/1.1" 301 697 "-" "Mozilla/5.0 (Windows NT 10.0; Win64; x64; rv:70.0) Gecko/20100101 Firefox/70.0"
81.32.70.200 - - [07/Nov/2019:17:14:03 +0000] "GET /lara/ HTTP/1.1" 503 501 "-" "Mozilla/5.0 (Windows NT 10.0; Win64; x64; rv:70.0) Gecko/20100101 Firefox/70.0"
81.32.70.200 - - [07/Nov/2019:17:14:11 +0000] "GET /lore] HTTP/1.1" 301 528 "-" "Mozilla/5.0 (Windows NT 10.0; Win64; x64; rv:70.0) Gecko/20100101 Firefox/70.0"
81.32.70.200 - - [07/Nov/2019:17:14:11 +0000] "GET /lore] HTTP/1.1" 404 573 "-" "Mozilla/5.0 (Windows NT 10.0; Win64; x64; rv:70.0) Gecko/20100101 Firefox/70.0"
81.32.70.200 - - [07/Nov/2019:17:14:14 +0000] "GET /lorenzo/ HTTP/1.1" 503 501 "-" "Mozilla/5.0 (Windows NT 10.0; Win64; x64; rv:70.0) Gecko/20100101 Firefox/70.0"
81.36.13.162 - - [07/Nov/2019:17:14:23 +0000] "GET /javier/ HTTP/1.1" 503 3798 "-" "Mozilla/5.0 (Windows NT 10.0; Win64; x64) AppleWebKit/537.36 (KHTML, like Gecko) Chrome/78.0.3904.97 Safari/537.36"
81.32.70.200 - - [07/Nov/2019:17:14:33 +0000] "GET /nico/ HTTP/1.1" 503 649 "-" "Mozilla/5.0 (Windows NT 10.0; Win64; x64; rv:70.0) Gecko/20100101 Firefox/70.0"
81.32.70.200 - - [07/Nov/2019:17:14:34 +0000] "GET /favicon.ico HTTP/1.1" 404 573 "-" "Mozilla/5.0 (Windows NT 10.0; Win64; x64; rv:70.0) Gecko/20100101 Firefox/70.0"
81.32.70.200 - - [07/Nov/2019:17:15:02 +0000] "GET /javier/ HTTP/1.1" 503 649 "-" "Mozilla/5.0 (Windows NT 10.0; Win64; x64; rv:70.0) Gecko/20100101 Firefox/70.0"
81.36.13.162 - - [07/Nov/2019:17:15:03 +0000] "GET /javier/ HTTP/1.1" 503 649 "-" "Mozilla/5.0 (Windows NT 10.0; Win64; x64) AppleWebKit/537.36 (KHTML, like Gecko) Chrome/78.0.3904.97 Safari/537.36"
81.32.70.200 - - [07/Nov/2019:17:15:03 +0000] "GET /lara/ HTTP/1.1" 503 649 "-" "Mozilla/5.0 (Windows NT 10.0; Win64; x64; rv:70.0) Gecko/20100101 Firefox/70.0"
81.36.13.162 - - [07/Nov/2019:17:15:04 +0000] "GET /javier/ HTTP/1.1" 503 649 "-" "Mozilla/5.0 (Windows NT 10.0; Win64; x64) AppleWebKit/537.36 (KHTML, like Gecko) Chrome/78.0.3904.97 Safari/537.36"
81.32.70.200 - - [07/Nov/2019:17:15:04 +0000] "GET /favicon.ico HTTP/1.1" 404 573 "-" "Mozilla/5.0 (Windows NT 10.0; Win64; x64; rv:70.0) Gecko/20100101 Firefox/70.0"
81.32.70.200 - - [07/Nov/2019:17:15:05 +0000] "GET /lorenzo/ HTTP/1.1" 503 649 "-" "Mozilla/5.0 (Windows NT 10.0; Win64; x64; rv:70.0) Gecko/20100101 Firefox/70.0"
81.32.70.200 - - [07/Nov/2019:17:15:05 +0000] "GET /favicon.ico HTTP/1.1" 404 573 "-" "Mozilla/5.0 (Windows NT 10.0; Win64; x64; rv:70.0) Gecko/20100101 Firefox/70.0"
81.36.13.162 - - [07/Nov/2019:17:15:11 +0000] "GET /lara/file HTTP/1.1" 503 3798 "-" "Mozilla/5.0 (Windows NT 10.0; Win64; x64) AppleWebKit/537.36 (KHTML, like Gecko) Chrome/78.0.3904.87 Safari/537.36"
81.36.13.162 - - [07/Nov/2019:17:15:12 +0000] "GET /lara/file HTTP/1.1" 503 3798 "-" "Mozilla/5.0 (Windows NT 10.0; Win64; x64) AppleWebKit/537.36 (KHTML, like Gecko) Chrome/78.0.3904.87 Safari/537.36"
81.36.13.162 - - [07/Nov/2019:17:15:25 +0000] "GET /lara/file HTTP/1.1" 404 657 "-" "Mozilla/5.0 (Windows NT 10.0; Win64; x64) AppleWebKit/537.36 (KHTML, like Gecko) Chrome/78.0.3904.87 Safari/537.36"
81.36.13.162 - - [07/Nov/2019:17:15:29 +0000] "GET /javier/ HTTP/1.1" 200 536 "-" "Mozilla/5.0 (Windows NT 10.0; Win64; x64) AppleWebKit/537.36 (KHTML, like Gecko) Chrome/78.0.3904.97 Safari/537.36"
81.32.70.200 - - [07/Nov/2019:17:15:29 +0000] "GET /lorenzo/ HTTP/1.1" 404 657 "-" "Mozilla/5.0 (Windows NT 10.0; Win64; x64; rv:70.0) Gecko/20100101 Firefox/70.0"
81.36.13.162 - - [07/Nov/2019:17:15:29 +0000] "GET /lara/file HTTP/1.1" 404 508 "-" "Mozilla/5.0 (Windows NT 10.0; Win64; x64) AppleWebKit/537.36 (KHTML, like Gecko) Chrome/78.0.3904.87 Safari/537.36"
81.36.13.162 - - [07/Nov/2019:17:15:30 +0000] "GET /lara/file HTTP/1.1" 404 508 "-" "Mozilla/5.0 (Windows NT 10.0; Win64; x64) AppleWebKit/537.36 (KHTML, like Gecko) Chrome/78.0.3904.87 Safari/537.36"
81.36.13.162 - - [07/Nov/2019:17:15:30 +0000] "GET /lara/file HTTP/1.1" 404 508 "-" "Mozilla/5.0 (Windows NT 10.0; Win64; x64) AppleWebKit/537.36 (KHTML, like Gecko) Chrome/78.0.3904.87 Safari/537.36"
81.36.13.162 - - [07/Nov/2019:17:15:30 +0000] "GET /lara/file HTTP/1.1" 404 508 "-" "Mozilla/5.0 (Windows NT 10.0; Win64; x64) AppleWebKit/537.36 (KHTML, like Gecko) Chrome/78.0.3904.87 Safari/537.36"
81.36.13.162 - - [07/Nov/2019:17:15:30 +0000] "GET /lara/file HTTP/1.1" 404 508 "-" "Mozilla/5.0 (Windows NT 10.0; Win64; x64) AppleWebKit/537.36 (KHTML, like Gecko) Chrome/78.0.3904.87 Safari/537.36"
81.36.13.162 - - [07/Nov/2019:17:15:31 +0000] "GET /lara/file HTTP/1.1" 404 508 "-" "Mozilla/5.0 (Windows NT 10.0; Win64; x64) AppleWebKit/537.36 (KHTML, like Gecko) Chrome/78.0.3904.87 Safari/537.36"
81.32.70.200 - - [07/Nov/2019:17:15:31 +0000] "GET /lara/ HTTP/1.1" 200 404 "-" "Mozilla/5.0 (Windows NT 10.0; Win64; x64; rv:70.0) Gecko/20100101 Firefox/70.0"
81.32.70.200 - - [07/Nov/2019:17:15:33 +0000] "GET /javier/ HTTP/1.1" 200 387 "-" "Mozilla/5.0 (Windows NT 10.0; Win64; x64; rv:70.0) Gecko/20100101 Firefox/70.0"
81.32.70.200 - - [07/Nov/2019:17:15:34 +0000] "GET /nico/ HTTP/1.1" 200 413 "-" "Mozilla/5.0 (Windows NT 10.0; Win64; x64; rv:70.0) Gecko/20100101 Firefox/70.0"
81.32.70.200 - - [07/Nov/2019:17:15:36 +0000] "GET /lorenzo/ HTTP/1.1" 404 508 "-" "Mozilla/5.0 (Windows NT 10.0; Win64; x64; rv:70.0) Gecko/20100101 Firefox/70.0"
81.36.13.162 - - [07/Nov/2019:17:15:43 +0000] "GET /lara/server.py HTTP/1.1" 404 657 "-" "Mozilla/5.0 (Windows NT 10.0; Win64; x64) AppleWebKit/537.36 (KHTML, like Gecko) Chrome/78.0.3904.87 Safari/537.36"
81.32.70.200 - - [07/Nov/2019:17:15:49 +0000] "GET /nico/ HTTP/1.1" 200 450 "-" "Mozilla/5.0 (Windows NT 10.0; Win64; x64; rv:70.0) Gecko/20100101 Firefox/70.0"
81.36.13.162 - - [07/Nov/2019:17:15:50 +0000] "GET /lara/file HTTP/1.1" 404 636 "-" "Mozilla/5.0 (Windows NT 10.0; Win64; x64) AppleWebKit/537.36 (KHTML, like Gecko) Chrome/78.0.3904.87 Safari/537.36"
81.32.70.200 - - [07/Nov/2019:17:15:50 +0000] "GET /javier/ HTTP/1.1" 200 388 "-" "Mozilla/5.0 (Windows NT 10.0; Win64; x64; rv:70.0) Gecko/20100101 Firefox/70.0"
81.32.70.200 - - [07/Nov/2019:17:15:51 +0000] "GET /lara/ HTTP/1.1" 200 404 "-" "Mozilla/5.0 (Windows NT 10.0; Win64; x64; rv:70.0) Gecko/20100101 Firefox/70.0"
81.32.70.200 - - [07/Nov/2019:17:15:53 +0000] "GET /javier/ HTTP/1.1" 200 388 "-" "Mozilla/5.0 (Windows NT 10.0; Win64; x64; rv:70.0) Gecko/20100101 Firefox/70.0"
81.32.70.200 - - [07/Nov/2019:17:15:56 +0000] "GET /lorenzo/ HTTP/1.1" 404 508 "-" "Mozilla/5.0 (Windows NT 10.0; Win64; x64; rv:70.0) Gecko/20100101 Firefox/70.0"
81.36.13.162 - - [07/Nov/2019:17:15:59 +0000] "GET /javier/ HTTP/1.1" 200 538 "-" "Mozilla/5.0 (Windows NT 10.0; Win64; x64) AppleWebKit/537.36 (KHTML, like Gecko) Chrome/78.0.3904.97 Safari/537.36"
81.36.13.162 - - [07/Nov/2019:17:16:57 +0000] "GET /lara/file HTTP/1.1" 404 657 "-" "Mozilla/5.0 (Windows NT 10.0; Win64; x64) AppleWebKit/537.36 (KHTML, like Gecko) Chrome/78.0.3904.87 Safari/537.36"
81.32.70.200 - - [07/Nov/2019:17:17:43 +0000] "GET /lorenzo/ HTTP/1.1" 200 573 "-" "Mozilla/5.0 (Windows NT 10.0; Win64; x64; rv:70.0) Gecko/20100101 Firefox/70.0"
81.32.70.200 - - [07/Nov/2019:17:17:46 +0000] "GET /lara/ HTTP/1.1" 200 404 "-" "Mozilla/5.0 (Windows NT 10.0; Win64; x64; rv:70.0) Gecko/20100101 Firefox/70.0"
81.32.70.200 - - [07/Nov/2019:17:17:47 +0000] "GET /javier/ HTTP/1.1" 200 398 "-" "Mozilla/5.0 (Windows NT 10.0; Win64; x64; rv:70.0) Gecko/20100101 Firefox/70.0"
81.36.13.162 - - [07/Nov/2019:17:17:51 +0000] "GET /lara/ HTTP/1.1" 200 553 "-" "Mozilla/5.0 (Windows NT 10.0; Win64; x64) AppleWebKit/537.36 (KHTML, like Gecko) Chrome/78.0.3904.87 Safari/537.36"
81.32.70.200 - - [07/Nov/2019:17:17:58 +0000] "GET /javier/ HTTP/1.1" 200 582 "-" "Mozilla/5.0 (Windows NT 10.0; Win64; x64; rv:70.0) Gecko/20100101 Firefox/70.0"
81.36.13.162 - - [07/Nov/2019:17:18:35 +0000] "GET /javier/ HTTP/1.1" 200 592 "-" "Mozilla/5.0 (Windows NT 10.0; Win64; x64) AppleWebKit/537.36 (KHTML, like Gecko) Chrome/78.0.3904.97 Safari/537.36"
81.32.70.200 - - [07/Nov/2019:17:18:42 +0000] "GET /snippets/login.html HTTP/1.1" 200 1675 "-" "Mozilla/5.0 (Windows NT 10.0; Win64; x64; rv:70.0) Gecko/20100101 Firefox/70.0"
81.36.13.162 - - [07/Nov/2019:17:19:03 +0000] "GET /snippets/ HTTP/1.1" 403 576 "-" "Mozilla/5.0 (Windows NT 10.0; Win64; x64) AppleWebKit/537.36 (KHTML, like Gecko) Chrome/78.0.3904.87 Safari/537.36"
81.36.13.162 - - [07/Nov/2019:17:19:03 +0000] "GET /snippets/login.html HTTP/1.1" 200 1675 "-" "Mozilla/5.0 (Windows NT 10.0; Win64; x64) AppleWebKit/537.36 (KHTML, like Gecko) Chrome/78.0.3904.97 Safari/537.36"
81.36.13.162 - - [07/Nov/2019:17:19:06 +0000] "GET /snippets HTTP/1.1" 301 556 "-" "Mozilla/5.0 (Windows NT 10.0; Win64; x64) AppleWebKit/537.36 (KHTML, like Gecko) Chrome/78.0.3904.87 Safari/537.36"
81.36.13.162 - - [07/Nov/2019:17:19:06 +0000] "GET /snippets/ HTTP/1.1" 403 427 "-" "Mozilla/5.0 (Windows NT 10.0; Win64; x64) AppleWebKit/537.36 (KHTML, like Gecko) Chrome/78.0.3904.87 Safari/537.36"
81.36.13.162 - - [07/Nov/2019:17:19:07 +0000] "GET /snippets/login.html HTTP/1.1" 301 556 "-" "Mozilla/5.0 (Windows NT 10.0; Win64; x64) AppleWebKit/537.36 (KHTML, like Gecko) Chrome/78.0.3904.87 Safari/537.36"
81.36.13.162 - - [07/Nov/2019:17:19:07 +0000] "GET /snippets/login.html HTTP/1.1" 200 4824 "-" "Mozilla/5.0 (Windows NT 10.0; Win64; x64) AppleWebKit/537.36 (KHTML, like Gecko) Chrome/78.0.3904.87 Safari/537.36"
81.36.13.162 - - [07/Nov/2019:17:19:07 +0000] "GET /favicon.ico HTTP/1.1" 404 424 "https://pythonavanzado.techtalents.cloud/snippets/login.html" "Mozilla/5.0 (Windows NT 10.0; Win64; x64) AppleWebKit/537.36 (KHTML, like Gecko) Chrome/78.0.3904.87 Safari/537.36"
81.36.13.162 - - [07/Nov/2019:17:19:15 +0000] "GET /snippets/login.html HTTP/1.1" 200 1675 "-" "Mozilla/5.0 (Windows NT 10.0; Win64; x64) AppleWebKit/537.36 (KHTML, like Gecko) Chrome/78.0.3904.87 Safari/537.36"
81.36.13.162 - - [07/Nov/2019:17:21:55 +0000] "GET /snippets/login.html HTTP/1.1" 200 4793 "-" "python-requests/2.22.0"
159.89.100.75 - - [07/Nov/2019:17:21:58 +0000] "GET /snippets/login.html HTTP/1.1" 200 4793 "-" "python-requests/2.22.0"
81.36.13.162 - - [07/Nov/2019:17:22:54 +0000] "GET /snippets/login.html HTTP/1.1" 200 4793 "-" "python-requests/2.22.0"
159.89.100.75 - - [07/Nov/2019:17:24:37 +0000] "GET /snippets/login.html HTTP/1.1" 200 4793 "-" "python-requests/2.22.0"
81.36.13.162 - - [07/Nov/2019:17:25:19 +0000] "GET /javier/File%C3%A7 HTTP/1.1" 404 3785 "-" "Mozilla/5.0 (Windows NT 10.0; Win64; x64) AppleWebKit/537.36 (KHTML, like Gecko) Chrome/78.0.3904.97 Safari/537.36"
81.36.13.162 - - [07/Nov/2019:17:25:27 +0000] "GET /javier/ HTTP/1.1" 200 3741 "-" "Mozilla/5.0 (Windows NT 10.0; Win64; x64) AppleWebKit/537.36 (KHTML, like Gecko) Chrome/78.0.3904.97 Safari/537.36"
81.36.13.162 - - [07/Nov/2019:17:26:13 +0000] "GET /javier/ HTTP/1.1" 200 475 "-" "Mozilla/5.0 (Windows NT 10.0; Win64; x64) AppleWebKit/537.36 (KHTML, like Gecko) Chrome/78.0.3904.97 Safari/537.36"
81.36.13.162 - - [07/Nov/2019:17:26:14 +0000] "GET /javier/ HTTP/1.1" 200 443 "-" "Mozilla/5.0 (Windows NT 10.0; Win64; x64) AppleWebKit/537.36 (KHTML, like Gecko) Chrome/78.0.3904.97 Safari/537.36"
81.36.13.162 - - [07/Nov/2019:17:26:14 +0000] "GET /javier/ HTTP/1.1" 200 443 "-" "Mozilla/5.0 (Windows NT 10.0; Win64; x64) AppleWebKit/537.36 (KHTML, like Gecko) Chrome/78.0.3904.97 Safari/537.36"
81.36.13.162 - - [07/Nov/2019:17:26:24 +0000] "GET /javier/ HTTP/1.1" 200 592 "-" "Mozilla/5.0 (Windows NT 10.0; Win64; x64) AppleWebKit/537.36 (KHTML, like Gecko) Chrome/78.0.3904.97 Safari/537.36"
81.36.13.162 - - [07/Nov/2019:17:26:37 +0000] "GET /javier/ HTTP/1.1" 200 619 "-" "Mozilla/5.0 (Windows NT 10.0; Win64; x64) AppleWebKit/537.36 (KHTML, like Gecko) Chrome/78.0.3904.97 Safari/537.36"
81.36.13.162 - - [07/Nov/2019:17:29:29 +0000] "GET /javier/ HTTP/1.1" 503 649 "-" "Mozilla/5.0 (Windows NT 10.0; Win64; x64) AppleWebKit/537.36 (KHTML, like Gecko) Chrome/78.0.3904.97 Safari/537.36"
81.36.13.162 - - [07/Nov/2019:17:30:12 +0000] "GET /javier/ HTTP/1.1" 503 649 "-" "Mozilla/5.0 (Windows NT 10.0; Win64; x64) AppleWebKit/537.36 (KHTML, like Gecko) Chrome/78.0.3904.97 Safari/537.36"
81.36.13.162 - - [07/Nov/2019:17:30:14 +0000] "GET /javier/ HTTP/1.1" 503 649 "-" "Mozilla/5.0 (Windows NT 10.0; Win64; x64) AppleWebKit/537.36 (KHTML, like Gecko) Chrome/78.0.3904.97 Safari/537.36"
81.36.13.162 - - [07/Nov/2019:17:30:22 +0000] "GET /javier/ HTTP/1.1" 503 649 "-" "Mozilla/5.0 (Windows NT 10.0; Win64; x64) AppleWebKit/537.36 (KHTML, like Gecko) Chrome/78.0.3904.97 Safari/537.36"
81.36.13.162 - - [07/Nov/2019:17:32:03 +0000] "GET /javier/ HTTP/1.1" 503 3798 "-" "Mozilla/5.0 (Windows NT 10.0; Win64; x64) AppleWebKit/537.36 (KHTML, like Gecko) Chrome/78.0.3904.97 Safari/537.36"
81.36.13.162 - - [07/Nov/2019:17:32:04 +0000] "GET /javier/ HTTP/1.1" 503 3798 "-" "Mozilla/5.0 (Windows NT 10.0; Win64; x64) AppleWebKit/537.36 (KHTML, like Gecko) Chrome/78.0.3904.97 Safari/537.36"
81.36.13.162 - - [07/Nov/2019:17:32:04 +0000] "GET /javier/ HTTP/1.1" 503 649 "-" "Mozilla/5.0 (Windows NT 10.0; Win64; x64) AppleWebKit/537.36 (KHTML, like Gecko) Chrome/78.0.3904.97 Safari/537.36"
81.36.13.162 - - [07/Nov/2019:17:32:04 +0000] "GET /javier/ HTTP/1.1" 503 649 "-" "Mozilla/5.0 (Windows NT 10.0; Win64; x64) AppleWebKit/537.36 (KHTML, like Gecko) Chrome/78.0.3904.97 Safari/537.36"
81.36.13.162 - - [07/Nov/2019:17:32:04 +0000] "GET /javier/ HTTP/1.1" 503 649 "-" "Mozilla/5.0 (Windows NT 10.0; Win64; x64) AppleWebKit/537.36 (KHTML, like Gecko) Chrome/78.0.3904.97 Safari/537.36"
81.36.13.162 - - [07/Nov/2019:17:32:04 +0000] "GET /javier/ HTTP/1.1" 503 649 "-" "Mozilla/5.0 (Windows NT 10.0; Win64; x64) AppleWebKit/537.36 (KHTML, like Gecko) Chrome/78.0.3904.97 Safari/537.36"
81.36.13.162 - - [07/Nov/2019:17:32:26 +0000] "GET /javier/ HTTP/1.1" 200 619 "-" "Mozilla/5.0 (Windows NT 10.0; Win64; x64) AppleWebKit/537.36 (KHTML, like Gecko) Chrome/78.0.3904.97 Safari/537.36"
81.32.70.200 - - [07/Nov/2019:17:32:58 +0000] "GET /nico/ HTTP/1.1" 200 3711 "-" "Mozilla/5.0 (Windows NT 10.0; Win64; x64; rv:70.0) Gecko/20100101 Firefox/70.0"
81.32.70.200 - - [07/Nov/2019:17:32:58 +0000] "GET /favicon.ico HTTP/1.1" 404 424 "-" "Mozilla/5.0 (Windows NT 10.0; Win64; x64; rv:70.0) Gecko/20100101 Firefox/70.0"
81.32.70.200 - - [07/Nov/2019:17:33:02 +0000] "GET /nico/login HTTP/1.1" 200 1448 "-" "Mozilla/5.0 (Windows NT 10.0; Win64; x64; rv:70.0) Gecko/20100101 Firefox/70.0"
81.36.13.162 - - [07/Nov/2019:17:33:03 +0000] "GET /javier/login/ HTTP/1.1" 404 657 "-" "Mozilla/5.0 (Windows NT 10.0; Win64; x64) AppleWebKit/537.36 (KHTML, like Gecko) Chrome/78.0.3904.97 Safari/537.36"
81.36.13.162 - - [07/Nov/2019:17:33:08 +0000] "GET /javier/login HTTP/1.1" 500 21667 "-" "Mozilla/5.0 (Windows NT 10.0; Win64; x64) AppleWebKit/537.36 (KHTML, like Gecko) Chrome/78.0.3904.97 Safari/537.36"
81.36.13.162 - - [07/Nov/2019:17:33:08 +0000] "GET /javier/login?__debugger__=yes&cmd=resource&f=style.css HTTP/1.1" 200 2426 "https://pythonavanzado.techtalents.cloud/javier/login" "Mozilla/5.0 (Windows NT 10.0; Win64; x64) AppleWebKit/537.36 (KHTML, like Gecko) Chrome/78.0.3904.97 Safari/537.36"
81.36.13.162 - - [07/Nov/2019:17:33:08 +0000] "GET /javier/login?__debugger__=yes&cmd=resource&f=jquery.js HTTP/1.1" 200 31208 "https://pythonavanzado.techtalents.cloud/javier/login" "Mozilla/5.0 (Windows NT 10.0; Win64; x64) AppleWebKit/537.36 (KHTML, like Gecko) Chrome/78.0.3904.97 Safari/537.36"
81.36.13.162 - - [07/Nov/2019:17:33:08 +0000] "GET /javier/login?__debugger__=yes&cmd=resource&f=debugger.js HTTP/1.1" 200 2846 "https://pythonavanzado.techtalents.cloud/javier/login" "Mozilla/5.0 (Windows NT 10.0; Win64; x64) AppleWebKit/537.36 (KHTML, like Gecko) Chrome/78.0.3904.97 Safari/537.36"
81.36.13.162 - - [07/Nov/2019:17:33:08 +0000] "GET /javier/login?__debugger__=yes&cmd=resource&f=ubuntu.ttf HTTP/1.1" 200 70818 "https://pythonavanzado.techtalents.cloud/javier/login?__debugger__=yes&cmd=resource&f=style.css" "Mozilla/5.0 (Windows NT 10.0; Win64; x64) AppleWebKit/537.36 (KHTML, like Gecko) Chrome/78.0.3904.97 Safari/537.36"
81.36.13.162 - - [07/Nov/2019:17:33:08 +0000] "GET /javier/login?__debugger__=yes&cmd=resource&f=console.png HTTP/1.1" 200 776 "https://pythonavanzado.techtalents.cloud/javier/login" "Mozilla/5.0 (Windows NT 10.0; Win64; x64) AppleWebKit/537.36 (KHTML, like Gecko) Chrome/78.0.3904.97 Safari/537.36"
81.36.13.162 - - [07/Nov/2019:17:33:08 +0000] "GET /javier/login?__debugger__=yes&cmd=resource&f=console.png HTTP/1.1" 200 776 "https://pythonavanzado.techtalents.cloud/javier/login" "Mozilla/5.0 (Windows NT 10.0; Win64; x64) AppleWebKit/537.36 (KHTML, like Gecko) Chrome/78.0.3904.97 Safari/537.36"
81.32.70.200 - - [07/Nov/2019:17:33:13 +0000] "GET /lorenzo/ HTTP/1.1" 500 21839 "-" "Mozilla/5.0 (Windows NT 10.0; Win64; x64; rv:70.0) Gecko/20100101 Firefox/70.0"
81.32.70.200 - - [07/Nov/2019:17:33:13 +0000] "GET /lorenzo/?__debugger__=yes&cmd=resource&f=style.css HTTP/1.1" 200 2426 "https://pythonavanzado.techtalents.cloud/lorenzo/" "Mozilla/5.0 (Windows NT 10.0; Win64; x64; rv:70.0) Gecko/20100101 Firefox/70.0"
81.32.70.200 - - [07/Nov/2019:17:33:13 +0000] "GET /lorenzo/?__debugger__=yes&cmd=resource&f=debugger.js HTTP/1.1" 200 2937 "https://pythonavanzado.techtalents.cloud/lorenzo/" "Mozilla/5.0 (Windows NT 10.0; Win64; x64; rv:70.0) Gecko/20100101 Firefox/70.0"
81.32.70.200 - - [07/Nov/2019:17:33:13 +0000] "GET /lorenzo/?__debugger__=yes&cmd=resource&f=jquery.js HTTP/1.1" 200 31354 "https://pythonavanzado.techtalents.cloud/lorenzo/" "Mozilla/5.0 (Windows NT 10.0; Win64; x64; rv:70.0) Gecko/20100101 Firefox/70.0"
81.32.70.200 - - [07/Nov/2019:17:33:13 +0000] "GET /lorenzo/?__debugger__=yes&cmd=resource&f=ubuntu.ttf HTTP/1.1" 200 70839 "https://pythonavanzado.techtalents.cloud/lorenzo/?__debugger__=yes&cmd=resource&f=style.css" "Mozilla/5.0 (Windows NT 10.0; Win64; x64; rv:70.0) Gecko/20100101 Firefox/70.0"
81.32.70.200 - - [07/Nov/2019:17:33:13 +0000] "GET /lorenzo/?__debugger__=yes&cmd=resource&f=console.png HTTP/1.1" 200 776 "-" "Mozilla/5.0 (Windows NT 10.0; Win64; x64; rv:70.0) Gecko/20100101 Firefox/70.0"
81.32.70.200 - - [07/Nov/2019:17:33:13 +0000] "GET /lorenzo/?__debugger__=yes&cmd=resource&f=console.png HTTP/1.1" 200 776 "https://pythonavanzado.techtalents.cloud/lorenzo/" "Mozilla/5.0 (Windows NT 10.0; Win64; x64; rv:70.0) Gecko/20100101 Firefox/70.0"
81.36.13.162 - - [07/Nov/2019:17:33:25 +0000] "GET /lara/ HTTP/1.1" 200 3702 "-" "Mozilla/5.0 (Windows NT 10.0; Win64; x64) AppleWebKit/537.36 (KHTML, like Gecko) Chrome/78.0.3904.87 Safari/537.36"
81.36.13.162 - - [07/Nov/2019:17:33:26 +0000] "GET /javier/ HTTP/1.1" 200 619 "-" "Mozilla/5.0 (Windows NT 10.0; Win64; x64) AppleWebKit/537.36 (KHTML, like Gecko) Chrome/78.0.3904.97 Safari/537.36"
81.36.13.162 - - [07/Nov/2019:17:33:33 +0000] "GET /lara/ HTTP/1.1" 200 3702 "-" "Mozilla/5.0 (Windows NT 10.0; Win64; x64) AppleWebKit/537.36 (KHTML, like Gecko) Chrome/78.0.3904.87 Safari/537.36"
81.36.13.162 - - [07/Nov/2019:17:33:35 +0000] "GET /snippets/login.html HTTP/1.1" 200 1526 "-" "Mozilla/5.0 (Windows NT 10.0; Win64; x64) AppleWebKit/537.36 (KHTML, like Gecko) Chrome/78.0.3904.87 Safari/537.36"
159.89.100.75 - - [07/Nov/2019:17:34:02 +0000] "GET /snippets/login.html HTTP/1.1" 200 4793 "-" "python-requests/2.22.0"
81.32.70.200 - - [07/Nov/2019:17:34:09 +0000] "GET /lorenzo/ HTTP/1.1" 200 1646 "-" "Mozilla/5.0 (Windows NT 10.0; Win64; x64; rv:70.0) Gecko/20100101 Firefox/70.0"
81.32.70.200 - - [07/Nov/2019:17:34:10 +0000] "GET /favicon.ico HTTP/1.1" 404 424 "-" "Mozilla/5.0 (Windows NT 10.0; Win64; x64; rv:70.0) Gecko/20100101 Firefox/70.0"
81.32.70.200 - - [07/Nov/2019:17:34:13 +0000] "GET /lara/ HTTP/1.1" 200 553 "-" "Mozilla/5.0 (Windows NT 10.0; Win64; x64; rv:70.0) Gecko/20100101 Firefox/70.0"
81.32.70.200 - - [07/Nov/2019:17:34:13 +0000] "GET /favicon.ico HTTP/1.1" 404 424 "-" "Mozilla/5.0 (Windows NT 10.0; Win64; x64; rv:70.0) Gecko/20100101 Firefox/70.0"
81.32.70.200 - - [07/Nov/2019:17:34:17 +0000] "GET /lara/login HTTP/1.1" 500 21532 "-" "Mozilla/5.0 (Windows NT 10.0; Win64; x64; rv:70.0) Gecko/20100101 Firefox/70.0"
81.32.70.200 - - [07/Nov/2019:17:34:17 +0000] "GET /lara/login?__debugger__=yes&cmd=resource&f=style.css HTTP/1.1" 200 2426 "https://pythonavanzado.techtalents.cloud/lara/login" "Mozilla/5.0 (Windows NT 10.0; Win64; x64; rv:70.0) Gecko/20100101 Firefox/70.0"
81.32.70.200 - - [07/Nov/2019:17:34:17 +0000] "GET /lara/login?__debugger__=yes&cmd=resource&f=jquery.js HTTP/1.1" 200 31357 "https://pythonavanzado.techtalents.cloud/lara/login" "Mozilla/5.0 (Windows NT 10.0; Win64; x64; rv:70.0) Gecko/20100101 Firefox/70.0"
81.32.70.200 - - [07/Nov/2019:17:34:17 +0000] "GET /lara/login?__debugger__=yes&cmd=resource&f=debugger.js HTTP/1.1" 200 2846 "https://pythonavanzado.techtalents.cloud/lara/login" "Mozilla/5.0 (Windows NT 10.0; Win64; x64; rv:70.0) Gecko/20100101 Firefox/70.0"
81.32.70.200 - - [07/Nov/2019:17:34:17 +0000] "GET /lara/login?__debugger__=yes&cmd=resource&f=ubuntu.ttf HTTP/1.1" 200 70818 "https://pythonavanzado.techtalents.cloud/lara/login?__debugger__=yes&cmd=resource&f=style.css" "Mozilla/5.0 (Windows NT 10.0; Win64; x64; rv:70.0) Gecko/20100101 Firefox/70.0"
81.32.70.200 - - [07/Nov/2019:17:34:18 +0000] "GET /lara/login?__debugger__=yes&cmd=resource&f=console.png HTTP/1.1" 200 776 "https://pythonavanzado.techtalents.cloud/lara/login" "Mozilla/5.0 (Windows NT 10.0; Win64; x64; rv:70.0) Gecko/20100101 Firefox/70.0"
81.32.70.200 - - [07/Nov/2019:17:34:32 +0000] "GET /lara/login HTTP/1.1" 200 1646 "-" "Mozilla/5.0 (Windows NT 10.0; Win64; x64; rv:70.0) Gecko/20100101 Firefox/70.0"
81.36.13.162 - - [07/Nov/2019:17:34:33 +0000] "GET /javier/login.html HTTP/1.1" 404 657 "-" "Mozilla/5.0 (Windows NT 10.0; Win64; x64) AppleWebKit/537.36 (KHTML, like Gecko) Chrome/78.0.3904.97 Safari/537.36"
81.32.70.200 - - [07/Nov/2019:17:34:35 +0000] "GET /javier/ HTTP/1.1" 200 470 "-" "Mozilla/5.0 (Windows NT 10.0; Win64; x64; rv:70.0) Gecko/20100101 Firefox/70.0"
81.32.70.200 - - [07/Nov/2019:17:34:38 +0000] "GET /javier/login HTTP/1.1" 500 21667 "-" "Mozilla/5.0 (Windows NT 10.0; Win64; x64; rv:70.0) Gecko/20100101 Firefox/70.0"
81.32.70.200 - - [07/Nov/2019:17:34:38 +0000] "GET /javier/login?__debugger__=yes&cmd=resource&f=style.css HTTP/1.1" 200 2419 "https://pythonavanzado.techtalents.cloud/javier/login" "Mozilla/5.0 (Windows NT 10.0; Win64; x64; rv:70.0) Gecko/20100101 Firefox/70.0"
81.32.70.200 - - [07/Nov/2019:17:34:38 +0000] "GET /javier/login?__debugger__=yes&cmd=resource&f=debugger.js HTTP/1.1" 200 2846 "https://pythonavanzado.techtalents.cloud/javier/login" "Mozilla/5.0 (Windows NT 10.0; Win64; x64; rv:70.0) Gecko/20100101 Firefox/70.0"
81.32.70.200 - - [07/Nov/2019:17:34:38 +0000] "GET /javier/login?__debugger__=yes&cmd=resource&f=jquery.js HTTP/1.1" 200 31256 "https://pythonavanzado.techtalents.cloud/javier/login" "Mozilla/5.0 (Windows NT 10.0; Win64; x64; rv:70.0) Gecko/20100101 Firefox/70.0"
81.32.70.200 - - [07/Nov/2019:17:34:38 +0000] "GET /javier/login?__debugger__=yes&cmd=resource&f=ubuntu.ttf HTTP/1.1" 200 70839 "https://pythonavanzado.techtalents.cloud/javier/login?__debugger__=yes&cmd=resource&f=style.css" "Mozilla/5.0 (Windows NT 10.0; Win64; x64; rv:70.0) Gecko/20100101 Firefox/70.0"
81.32.70.200 - - [07/Nov/2019:17:34:39 +0000] "GET /javier/login?__debugger__=yes&cmd=resource&f=console.png HTTP/1.1" 200 755 "https://pythonavanzado.techtalents.cloud/javier/login" "Mozilla/5.0 (Windows NT 10.0; Win64; x64; rv:70.0) Gecko/20100101 Firefox/70.0"
81.36.13.162 - - [07/Nov/2019:17:34:50 +0000] "GET /snippets/login.html/lara/login HTTP/1.1" 404 573 "-" "Mozilla/5.0 (Windows NT 10.0; Win64; x64) AppleWebKit/537.36 (KHTML, like Gecko) Chrome/78.0.3904.87 Safari/537.36"
81.36.13.162 - - [07/Nov/2019:17:34:52 +0000] "GET /snippets/login.html/lara/login HTTP/1.1" 404 424 "-" "Mozilla/5.0 (Windows NT 10.0; Win64; x64) AppleWebKit/537.36 (KHTML, like Gecko) Chrome/78.0.3904.87 Safari/537.36"
81.32.70.200 - - [07/Nov/2019:17:35:09 +0000] "GET /javier/login HTTP/1.1" 500 17367 "-" "Mozilla/5.0 (Windows NT 10.0; Win64; x64; rv:70.0) Gecko/20100101 Firefox/70.0"
81.32.70.200 - - [07/Nov/2019:17:35:09 +0000] "GET /javier/login?__debugger__=yes&cmd=resource&f=debugger.js HTTP/1.1" 200 2937 "https://pythonavanzado.techtalents.cloud/javier/login" "Mozilla/5.0 (Windows NT 10.0; Win64; x64; rv:70.0) Gecko/20100101 Firefox/70.0"
81.32.70.200 - - [07/Nov/2019:17:35:09 +0000] "GET /javier/login?__debugger__=yes&cmd=resource&f=style.css HTTP/1.1" 200 2426 "https://pythonavanzado.techtalents.cloud/javier/login" "Mozilla/5.0 (Windows NT 10.0; Win64; x64; rv:70.0) Gecko/20100101 Firefox/70.0"
81.32.70.200 - - [07/Nov/2019:17:35:09 +0000] "GET /javier/login?__debugger__=yes&cmd=resource&f=jquery.js HTTP/1.1" 200 31357 "https://pythonavanzado.techtalents.cloud/javier/login" "Mozilla/5.0 (Windows NT 10.0; Win64; x64; rv:70.0) Gecko/20100101 Firefox/70.0"
81.32.70.200 - - [07/Nov/2019:17:35:10 +0000] "GET /javier/login?__debugger__=yes&cmd=resource&f=console.png HTTP/1.1" 200 776 "https://pythonavanzado.techtalents.cloud/javier/login" "Mozilla/5.0 (Windows NT 10.0; Win64; x64; rv:70.0) Gecko/20100101 Firefox/70.0"
81.36.13.162 - - [07/Nov/2019:17:35:10 +0000] "GET /javier/login.html HTTP/1.1" 404 657 "-" "Mozilla/5.0 (Windows NT 10.0; Win64; x64) AppleWebKit/537.36 (KHTML, like Gecko) Chrome/78.0.3904.97 Safari/537.36"
81.36.13.162 - - [07/Nov/2019:17:35:16 +0000] "GET /javier/login HTTP/1.1" 500 17367 "-" "Mozilla/5.0 (Windows NT 10.0; Win64; x64) AppleWebKit/537.36 (KHTML, like Gecko) Chrome/78.0.3904.97 Safari/537.36"
81.36.13.162 - - [07/Nov/2019:17:35:16 +0000] "GET /javier/login?__debugger__=yes&cmd=resource&f=style.css HTTP/1.1" 200 2426 "https://pythonavanzado.techtalents.cloud/javier/login" "Mozilla/5.0 (Windows NT 10.0; Win64; x64) AppleWebKit/537.36 (KHTML, like Gecko) Chrome/78.0.3904.97 Safari/537.36"
81.36.13.162 - - [07/Nov/2019:17:35:16 +0000] "GET /javier/login?__debugger__=yes&cmd=resource&f=jquery.js HTTP/1.1" 200 31205 "https://pythonavanzado.techtalents.cloud/javier/login" "Mozilla/5.0 (Windows NT 10.0; Win64; x64) AppleWebKit/537.36 (KHTML, like Gecko) Chrome/78.0.3904.97 Safari/537.36"
81.36.13.162 - - [07/Nov/2019:17:35:16 +0000] "GET /javier/login?__debugger__=yes&cmd=resource&f=debugger.js HTTP/1.1" 200 2846 "https://pythonavanzado.techtalents.cloud/javier/login" "Mozilla/5.0 (Windows NT 10.0; Win64; x64) AppleWebKit/537.36 (KHTML, like Gecko) Chrome/78.0.3904.97 Safari/537.36"
81.36.13.162 - - [07/Nov/2019:17:35:16 +0000] "GET /javier/login?__debugger__=yes&cmd=resource&f=ubuntu.ttf HTTP/1.1" 200 70818 "https://pythonavanzado.techtalents.cloud/javier/login?__debugger__=yes&cmd=resource&f=style.css" "Mozilla/5.0 (Windows NT 10.0; Win64; x64) AppleWebKit/537.36 (KHTML, like Gecko) Chrome/78.0.3904.97 Safari/537.36"
81.36.13.162 - - [07/Nov/2019:17:35:16 +0000] "GET /javier/login?__debugger__=yes&cmd=resource&f=console.png HTTP/1.1" 200 776 "https://pythonavanzado.techtalents.cloud/javier/login" "Mozilla/5.0 (Windows NT 10.0; Win64; x64) AppleWebKit/537.36 (KHTML, like Gecko) Chrome/78.0.3904.97 Safari/537.36"
81.36.13.162 - - [07/Nov/2019:17:35:37 +0000] "GET /snippets/login.html/lara/login HTTP/1.1" 404 573 "-" "Mozilla/5.0 (Windows NT 10.0; Win64; x64) AppleWebKit/537.36 (KHTML, like Gecko) Chrome/78.0.3904.87 Safari/537.36"
81.36.13.162 - - [07/Nov/2019:17:35:40 +0000] "GET /javier/login HTTP/1.1" 500 17367 "-" "Mozilla/5.0 (Windows NT 10.0; Win64; x64) AppleWebKit/537.36 (KHTML, like Gecko) Chrome/78.0.3904.97 Safari/537.36"
81.36.13.162 - - [07/Nov/2019:17:35:40 +0000] "GET /javier/login?__debugger__=yes&cmd=resource&f=style.css HTTP/1.1" 200 2426 "https://pythonavanzado.techtalents.cloud/javier/login" "Mozilla/5.0 (Windows NT 10.0; Win64; x64) AppleWebKit/537.36 (KHTML, like Gecko) Chrome/78.0.3904.97 Safari/537.36"
81.36.13.162 - - [07/Nov/2019:17:35:40 +0000] "GET /javier/login?__debugger__=yes&cmd=resource&f=jquery.js HTTP/1.1" 200 31208 "https://pythonavanzado.techtalents.cloud/javier/login" "Mozilla/5.0 (Windows NT 10.0; Win64; x64) AppleWebKit/537.36 (KHTML, like Gecko) Chrome/78.0.3904.97 Safari/537.36"
81.36.13.162 - - [07/Nov/2019:17:35:40 +0000] "GET /javier/login?__debugger__=yes&cmd=resource&f=debugger.js HTTP/1.1" 200 2846 "https://pythonavanzado.techtalents.cloud/javier/login" "Mozilla/5.0 (Windows NT 10.0; Win64; x64) AppleWebKit/537.36 (KHTML, like Gecko) Chrome/78.0.3904.97 Safari/537.36"
81.36.13.162 - - [07/Nov/2019:17:35:40 +0000] "GET /javier/login?__debugger__=yes&cmd=resource&f=console.png HTTP/1.1" 200 776 "https://pythonavanzado.techtalents.cloud/javier/login" "Mozilla/5.0 (Windows NT 10.0; Win64; x64) AppleWebKit/537.36 (KHTML, like Gecko) Chrome/78.0.3904.97 Safari/537.36"
81.36.13.162 - - [07/Nov/2019:17:35:40 +0000] "GET /javier/login?__debugger__=yes&cmd=resource&f=ubuntu.ttf HTTP/1.1" 200 70818 "https://pythonavanzado.techtalents.cloud/javier/login?__debugger__=yes&cmd=resource&f=style.css" "Mozilla/5.0 (Windows NT 10.0; Win64; x64) AppleWebKit/537.36 (KHTML, like Gecko) Chrome/78.0.3904.97 Safari/537.36"
81.36.13.162 - - [07/Nov/2019:17:35:40 +0000] "GET /javier/login?__debugger__=yes&cmd=resource&f=console.png HTTP/1.1" 200 776 "https://pythonavanzado.techtalents.cloud/javier/login" "Mozilla/5.0 (Windows NT 10.0; Win64; x64) AppleWebKit/537.36 (KHTML, like Gecko) Chrome/78.0.3904.97 Safari/537.36"
81.32.70.200 - - [07/Nov/2019:17:35:40 +0000] "GET /javier/login HTTP/1.1" 500 17367 "-" "Mozilla/5.0 (Windows NT 10.0; Win64; x64; rv:70.0) Gecko/20100101 Firefox/70.0"
81.32.70.200 - - [07/Nov/2019:17:35:41 +0000] "GET /javier/login?__debugger__=yes&cmd=resource&f=debugger.js HTTP/1.1" 200 2937 "https://pythonavanzado.techtalents.cloud/javier/login" "Mozilla/5.0 (Windows NT 10.0; Win64; x64; rv:70.0) Gecko/20100101 Firefox/70.0"
81.32.70.200 - - [07/Nov/2019:17:35:41 +0000] "GET /javier/login?__debugger__=yes&cmd=resource&f=style.css HTTP/1.1" 200 2419 "https://pythonavanzado.techtalents.cloud/javier/login" "Mozilla/5.0 (Windows NT 10.0; Win64; x64; rv:70.0) Gecko/20100101 Firefox/70.0"
81.32.70.200 - - [07/Nov/2019:17:35:41 +0000] "GET /javier/login?__debugger__=yes&cmd=resource&f=jquery.js HTTP/1.1" 200 31354 "https://pythonavanzado.techtalents.cloud/javier/login" "Mozilla/5.0 (Windows NT 10.0; Win64; x64; rv:70.0) Gecko/20100101 Firefox/70.0"
81.32.70.200 - - [07/Nov/2019:17:35:41 +0000] "GET /javier/login?__debugger__=yes&cmd=resource&f=console.png HTTP/1.1" 200 776 "-" "Mozilla/5.0 (Windows NT 10.0; Win64; x64; rv:70.0) Gecko/20100101 Firefox/70.0"
81.32.70.200 - - [07/Nov/2019:17:35:41 +0000] "GET /javier/login?__debugger__=yes&cmd=resource&f=console.png HTTP/1.1" 200 776 "https://pythonavanzado.techtalents.cloud/javier/login" "Mozilla/5.0 (Windows NT 10.0; Win64; x64; rv:70.0) Gecko/20100101 Firefox/70.0"
81.32.70.200 - - [07/Nov/2019:17:35:43 +0000] "GET /javier/login HTTP/1.1" 500 17219 "-" "Mozilla/5.0 (Windows NT 10.0; Win64; x64; rv:70.0) Gecko/20100101 Firefox/70.0"
81.32.70.200 - - [07/Nov/2019:17:35:43 +0000] "GET /javier/login?__debugger__=yes&cmd=resource&f=jquery.js HTTP/1.1" 200 31208 "https://pythonavanzado.techtalents.cloud/javier/login" "Mozilla/5.0 (Windows NT 10.0; Win64; x64; rv:70.0) Gecko/20100101 Firefox/70.0"
81.32.70.200 - - [07/Nov/2019:17:35:43 +0000] "GET /javier/login?__debugger__=yes&cmd=resource&f=debugger.js HTTP/1.1" 200 2937 "https://pythonavanzado.techtalents.cloud/javier/login" "Mozilla/5.0 (Windows NT 10.0; Win64; x64; rv:70.0) Gecko/20100101 Firefox/70.0"
81.32.70.200 - - [07/Nov/2019:17:35:43 +0000] "GET /javier/login?__debugger__=yes&cmd=resource&f=style.css HTTP/1.1" 200 2426 "https://pythonavanzado.techtalents.cloud/javier/login" "Mozilla/5.0 (Windows NT 10.0; Win64; x64; rv:70.0) Gecko/20100101 Firefox/70.0"
81.32.70.200 - - [07/Nov/2019:17:35:43 +0000] "GET /javier/login?__debugger__=yes&cmd=resource&f=console.png HTTP/1.1" 200 776 "https://pythonavanzado.techtalents.cloud/javier/login" "Mozilla/5.0 (Windows NT 10.0; Win64; x64; rv:70.0) Gecko/20100101 Firefox/70.0"
81.32.70.200 - - [07/Nov/2019:17:35:45 +0000] "GET /javier/login HTTP/1.1" 200 1504 "-" "Mozilla/5.0 (Windows NT 10.0; Win64; x64; rv:70.0) Gecko/20100101 Firefox/70.0"
81.36.13.162 - - [07/Nov/2019:17:35:47 +0000] "GET /javier/login HTTP/1.1" 200 1653 "-" "Mozilla/5.0 (Windows NT 10.0; Win64; x64) AppleWebKit/537.36 (KHTML, like Gecko) Chrome/78.0.3904.97 Safari/537.36"
81.36.13.162 - - [07/Nov/2019:17:36:00 +0000] "GET /lara/login HTTP/1.1" 200 1646 "-" "Mozilla/5.0 (Windows NT 10.0; Win64; x64) AppleWebKit/537.36 (KHTML, like Gecko) Chrome/78.0.3904.87 Safari/537.36"
81.32.70.200 - - [07/Nov/2019:17:40:21 +0000] "GET /nico/login HTTP/1.1" 200 4803 "-" "Mozilla/5.0 (Windows NT 10.0; Win64; x64; rv:70.0) Gecko/20100101 Firefox/70.0"
81.36.13.162 - - [07/Nov/2019:17:40:22 +0000] "GET /javier/login HTTP/1.1" 200 4816 "-" "Mozilla/5.0 (Windows NT 10.0; Win64; x64) AppleWebKit/537.36 (KHTML, like Gecko) Chrome/78.0.3904.97 Safari/537.36"
81.32.70.200 - - [07/Nov/2019:17:40:28 +0000] "GET /javier/login HTTP/1.1" 200 1667 "-" "Mozilla/5.0 (Windows NT 10.0; Win64; x64; rv:70.0) Gecko/20100101 Firefox/70.0"
81.32.70.200 - - [07/Nov/2019:17:40:32 +0000] "GET /lara/login HTTP/1.1" 200 1497 "-" "Mozilla/5.0 (Windows NT 10.0; Win64; x64; rv:70.0) Gecko/20100101 Firefox/70.0"
81.32.70.200 - - [07/Nov/2019:17:40:33 +0000] "GET /lorenzo/ HTTP/1.1" 200 1497 "-" "Mozilla/5.0 (Windows NT 10.0; Win64; x64; rv:70.0) Gecko/20100101 Firefox/70.0"
